<?xml version="1.0" encoding="utf-8"?>
<TestRun id="95e86f5a-c251-407c-956b-b818e9e3c0f6" name="gutes@DESKTOP-N8P4M4D 2026-08-24 02:45:34" runUser="DESKTOP-N8P4M4D\gutes" xmlns="http://microsoft.com/schemas/VisualStudio/TeamTest/2010">
  <Times creation="2026-08-24T02:45:34.3751411-03:00" queuing="2026-08-24T02:45:34.3751415-03:00" start="2026-08-24T02:45:32.4080835-03:00" finish="2026-08-24T02:45:35.5358503-03:00" />
  <TestSettings name="default" id="eb21ff57-f9b6-4588-a656-69b8daa33f53">
    <Deployment runDeploymentRoot="gutes_DESKTOP-N8P4M4D_2026-08-24_02_45_34" />
  </TestSettings>
  <Results>
    <UnitTestResult executionId="e8267439-6c52-449c-b6b5-d862f0b0f1cd" testId="1c7555b4-907b-8b6e-b8d4-9378383eac00" testName="Excluir_RemoveRegistroExistente" computerName="DESKTOP-N8P4M4D" duration="00:00:00.0005652" startTime="2026-08-24T02:45:34.4165316-03:00" endTime="2026-08-24T02:45:34.4171272-03:00" testType="13cdc9d9-ddb5-4fa4-a97d-d965ccfc6d4b" outcome="Passed" testListId="8c84fa94-04c1-424b-9868-57a2d4851a1d" relativeResultsDirectory="e8267439-6c52-449c-b6b5-d862f0b0f1cd" />
    <UnitTestResult executionId="c5a60a25-929d-49bf-98cc-a50c500041c5" testId="1e184376-7fa8-8dbf-8043-ab45b1a87b63" testName="Deve_PreservarPedidosETotal_AposFecharConta" computerName="DESKTOP-N8P4M4D" duration="00:00:00.1058247" startTime="2026-08-24T02:45:34.2320486-03:00" endTime="2026-08-24T02:45:34.3380351-03:00" testType="13cdc9d9-ddb5-4fa4-a97d-d965ccfc6d4b" outcome="Passed" testListId="8c84fa94-04c1-424b-9868-57a2d4851a1d" relativeResultsDirectory="c5a60a25-929d-49bf-98cc-a50c500041c5" />
    <UnitTestResult executionId="9ddd0e4a-ef21-457f-9180-06521f88c501" testId="15f6a3ad-ecc2-8130-9882-c6441ab401b8" testName="SelecionarTodos_CarregaSomenteRegistrosDoUsuarioAutenticado" computerName="DESKTOP-N8P4M4D" duration="00:00:00.0174399" startTime="2026-08-24T02:45:34.2115156-03:00" endTime="2026-08-24T02:45:34.2290549-03:00" testType="13cdc9d9-ddb5-4fa4-a97d-d965ccfc6d4b" outcome="Passed" testListId="8c84fa94-04c1-424b-9868-57a2d4851a1d" relativeResultsDirectory="9ddd0e4a-ef21-457f-9180-06521f88c501" />
    <UnitTestResult executionId="d95846bd-33e8-4d9f-8219-55e9ce09ae9f" testId="15207d3c-03ba-8136-b450-d42c499aec94" testName="Cadastrar_PreencheUserIdDoUsuarioAutenticado" computerName="DESKTOP-N8P4M4D" duration="00:00:00.0008806" startTime="2026-08-24T02:45:35.3355161-03:00" endTime="2026-08-24T02:45:35.3364553-03:00" testType="13cdc9d9-ddb5-4fa4-a97d-d965ccfc6d4b" outcome="Passed" testListId="8c84fa94-04c1-424b-9868-57a2d4851a1d" relativeResultsDirectory="d95846bd-33e8-4d9f-8219-55e9ce09ae9f" />
    <UnitTestResult executionId="c6835345-47aa-44da-b312-1291bdcc30c7" testId="1473b9ff-9e6f-8db8-a142-ca8afdc83a7f" testName="Cadastrar_PermiteMesmoNumeroParaUsuariosDiferentes" computerName="DESKTOP-N8P4M4D" duration="00:00:00.0011950" startTime="2026-08-24T02:45:34.4228427-03:00" endTime="2026-08-24T02:45:34.4241127-03:00" testType="13cdc9d9-ddb5-4fa4-a97d-d965ccfc6d4b" outcome="Passed" testListId="8c84fa94-04c1-424b-9868-57a2d4851a1d" relativeResultsDirectory="c6835345-47aa-44da-b312-1291bdcc30c7" />
    <UnitTestResult executionId="5814bf8a-52a6-4773-a6ef-e63ecc920d42" testId="1fecee63-52dc-8985-b3eb-8ce2a96cd81c" testName="Cadastrar_PreencheUserIdDoUsuarioAutenticado" computerName="DESKTOP-N8P4M4D" duration="00:00:00.0297076" startTime="2026-08-24T02:45:34.1525958-03:00" endTime="2026-08-24T02:45:34.1827983-03:00" testType="13cdc9d9-ddb5-4fa4-a97d-d965ccfc6d4b" outcome="Passed" testListId="8c84fa94-04c1-424b-9868-57a2d4851a1d" relativeResultsDirectory="5814bf8a-52a6-4773-a6ef-e63ecc920d42" />
    <UnitTestResult executionId="a1ab0e71-c756-4c7f-b913-b966554e2d08" testId="1c5c69c3-dcbe-81d5-8e5a-99d88456558a" testName="Deve_IsolarContasEPedidosDeOutroUsuario" computerName="DESKTOP-N8P4M4D" duration="00:00:00.0022537" startTime="2026-08-24T02:45:35.4541312-03:00" endTime="2026-08-24T02:45:35.4564451-03:00" testType="13cdc9d9-ddb5-4fa4-a97d-d965ccfc6d4b" outcome="Passed" testListId="8c84fa94-04c1-424b-9868-57a2d4851a1d" relativeResultsDirectory="a1ab0e71-c756-4c7f-b913-b966554e2d08" />
    <UnitTestResult executionId="1328f873-8270-49d6-9061-9100ba9fdee7" testId="1e84709d-2c45-80df-9b9f-35c9d49defa7" testName="SelecionarTodos_CarregaSomenteRegistrosDoUsuarioAutenticado" computerName="DESKTOP-N8P4M4D" duration="00:00:00.0053210" startTime="2026-08-24T02:45:35.3385955-03:00" endTime="2026-08-24T02:45:35.3439845-03:00" testType="13cdc9d9-ddb5-4fa4-a97d-d965ccfc6d4b" outcome="Passed" testListId="8c84fa94-04c1-424b-9868-57a2d4851a1d" relativeResultsDirectory="1328f873-8270-49d6-9061-9100ba9fdee7" />
    <UnitTestResult executionId="21554766-3636-4b72-8fc5-e25ce3ee7823" testId="1fc52e58-81dd-878f-b39f-742b70e87a12" testName="Editar_AtualizaRegistroEPreservaStatus" computerName="DESKTOP-N8P4M4D" duration="00:00:00.0007356" startTime="2026-08-24T02:45:34.4157470-03:00" endTime="2026-08-24T02:45:34.4165128-03:00" testType="13cdc9d9-ddb5-4fa4-a97d-d965ccfc6d4b" outcome="Passed" testListId="8c84fa94-04c1-424b-9868-57a2d4851a1d" relativeResultsDirectory="21554766-3636-4b72-8fc5-e25ce3ee7823" />
    <UnitTestResult executionId="f8a24e57-41b4-45a8-a39b-f2afc8bbc7ca" testId="1c9955ba-6549-86d3-bddb-60df70c27fad" testName="Deve_MantorSnapshot_AoCarregarDoBanco" computerName="DESKTOP-N8P4M4D" duration="00:00:00.0012269" startTime="2026-08-24T02:45:34.3467777-03:00" endTime="2026-08-24T02:45:34.3480877-03:00" testType="13cdc9d9-ddb5-4fa4-a97d-d965ccfc6d4b" outcome="Passed" testListId="8c84fa94-04c1-424b-9868-57a2d4851a1d" relativeResultsDirectory="f8a24e57-41b4-45a8-a39b-f2afc8bbc7ca" />
    <UnitTestResult executionId="d98e9eaf-cd3f-4b48-8366-31aaff8abc36" testId="13f7fb19-d997-8f82-9266-b281e97640c5" testName="Deve_PreservarEstadoDoBanco_AposFalhaDeSaveChanges" computerName="DESKTOP-N8P4M4D" duration="00:00:00.0010145" startTime="2026-08-24T02:45:34.4276160-03:00" endTime="2026-08-24T02:45:34.4287073-03:00" testType="13cdc9d9-ddb5-4fa4-a97d-d965ccfc6d4b" outcome="Passed" testListId="8c84fa94-04c1-424b-9868-57a2d4851a1d" relativeResultsDirectory="d98e9eaf-cd3f-4b48-8366-31aaff8abc36" />
    <UnitTestResult executionId="08ec28b0-aafd-4d30-a0db-224e73d6b167" testId="1affde3a-aa1b-83b5-af40-5df84dd2123f" testName="CadastrarESelecionarPorId_CarregaRegistro" computerName="DESKTOP-N8P4M4D" duration="00:00:00.0076240" startTime="2026-08-24T02:45:35.3276584-03:00" endTime="2026-08-24T02:45:35.3354639-03:00" testType="13cdc9d9-ddb5-4fa4-a97d-d965ccfc6d4b" outcome="Passed" testListId="8c84fa94-04c1-424b-9868-57a2d4851a1d" relativeResultsDirectory="08ec28b0-aafd-4d30-a0db-224e73d6b167" />
    <UnitTestResult executionId="10f9f994-7599-4aa9-820b-0622c4b76a4b" testId="1e87bd9b-2ecc-8d73-a944-9389cddc6a84" testName="Deve_ImpedirExclusao_DeProdutoVinculadoAPedido" computerName="DESKTOP-N8P4M4D" duration="00:00:00.0953598" startTime="2026-08-24T02:45:35.2107860-03:00" endTime="2026-08-24T02:45:35.3062181-03:00" testType="13cdc9d9-ddb5-4fa4-a97d-d965ccfc6d4b" outcome="Passed" testListId="8c84fa94-04c1-424b-9868-57a2d4851a1d" relativeResultsDirectory="10f9f994-7599-4aa9-820b-0622c4b76a4b" />
    <UnitTestResult executionId="c92d4d6c-99fb-4e79-be64-0a72250fdf8c" testId="1b2cc56d-74ef-8524-ada0-7028f0c0d09a" testName="SelecionarTodos_CarregaSomenteRegistrosDoUsuarioAutenticado" computerName="DESKTOP-N8P4M4D" duration="00:00:00.0015831" startTime="2026-08-24T02:45:34.3412686-03:00" endTime="2026-08-24T02:45:34.3429245-03:00" testType="13cdc9d9-ddb5-4fa4-a97d-d965ccfc6d4b" outcome="Passed" testListId="8c84fa94-04c1-424b-9868-57a2d4851a1d" relativeResultsDirectory="c92d4d6c-99fb-4e79-be64-0a72250fdf8c" />
    <UnitTestResult executionId="fc1d5287-d2be-4998-8ed0-0d6adb7d9fd6" testId="1cd86e75-63b1-8833-a13d-4d3140c681c8" testName="Deve_ImpedirExclusao_DeMesaVinculadaAConta" computerName="DESKTOP-N8P4M4D" duration="00:00:00.7428298" startTime="2026-08-24T02:45:34.4305445-03:00" endTime="2026-08-24T02:45:35.1735222-03:00" testType="13cdc9d9-ddb5-4fa4-a97d-d965ccfc6d4b" outcome="Passed" testListId="8c84fa94-04c1-424b-9868-57a2d4851a1d" relativeResultsDirectory="fc1d5287-d2be-4998-8ed0-0d6adb7d9fd6" />
    <UnitTestResult executionId="0574b23b-e9b1-4a2e-a75f-006424fec51d" testId="15cd338a-3434-8edf-ae57-5375a611b1f0" testName="SaveChanges_RejeitaModificacaoDeMesaDeOutroUsuario" computerName="DESKTOP-N8P4M4D" duration="00:00:00.0017699" startTime="2026-08-24T02:45:34.4251723-03:00" endTime="2026-08-24T02:45:34.4269891-03:00" testType="13cdc9d9-ddb5-4fa4-a97d-d965ccfc6d4b" outcome="Passed" testListId="8c84fa94-04c1-424b-9868-57a2d4851a1d" relativeResultsDirectory="0574b23b-e9b1-4a2e-a75f-006424fec51d" />
    <UnitTestResult executionId="90f1d984-5571-45e5-b95e-f2335d562f14" testId="1f696f1c-bf76-86fa-b4ea-e929853dfb47" testName="Excluir_RemoveRegistroExistente" computerName="DESKTOP-N8P4M4D" duration="00:00:00.0009435" startTime="2026-08-24T02:45:34.3439834-03:00" endTime="2026-08-24T02:45:34.3449647-03:00" testType="13cdc9d9-ddb5-4fa4-a97d-d965ccfc6d4b" outcome="Passed" testListId="8c84fa94-04c1-424b-9868-57a2d4851a1d" relativeResultsDirectory="90f1d984-5571-45e5-b95e-f2335d562f14" />
    <UnitTestResult executionId="9fb178cd-49c5-4c08-af7d-b31db329fc74" testId="1580e18e-8016-8e11-a676-2f4b3a81970b" testName="Cadastrar_PreencheUserIdDoUsuarioAutenticado" computerName="DESKTOP-N8P4M4D" duration="00:00:00.0008875" startTime="2026-08-24T02:45:34.4147850-03:00" endTime="2026-08-24T02:45:34.4157263-03:00" testType="13cdc9d9-ddb5-4fa4-a97d-d965ccfc6d4b" outcome="Passed" testListId="8c84fa94-04c1-424b-9868-57a2d4851a1d" relativeResultsDirectory="9fb178cd-49c5-4c08-af7d-b31db329fc74" />
    <UnitTestResult executionId="69407697-a52e-4553-86d7-bfe576701bdb" testId="1b037951-db4a-8bd3-8f44-15dd1157e42c" testName="CadastrarESelecionarPorId_CarregaRegistro" computerName="DESKTOP-N8P4M4D" duration="00:00:00.0082487" startTime="2026-08-24T02:45:34.4063270-03:00" endTime="2026-08-24T02:45:34.4147289-03:00" testType="13cdc9d9-ddb5-4fa4-a97d-d965ccfc6d4b" outcome="Passed" testListId="8c84fa94-04c1-424b-9868-57a2d4851a1d" relativeResultsDirectory="69407697-a52e-4553-86d7-bfe576701bdb" />
    <UnitTestResult executionId="c4f3a430-9a47-46d1-85b8-2a5e918bffb4" testId="1216f709-655e-8ce3-90d9-46285ae87384" testName="Cadastrar_PreencheUserIdDoUsuarioAutenticado" computerName="DESKTOP-N8P4M4D" duration="00:00:00.0014823" startTime="2026-08-24T02:45:34.3396424-03:00" endTime="2026-08-24T02:45:34.3412081-03:00" testType="13cdc9d9-ddb5-4fa4-a97d-d965ccfc6d4b" outcome="Passed" testListId="8c84fa94-04c1-424b-9868-57a2d4851a1d" relativeResultsDirectory="c4f3a430-9a47-46d1-85b8-2a5e918bffb4" />
    <UnitTestResult executionId="5e120703-fcb1-4186-8730-ca1fb1b71f00" testId="17599264-34d5-8f7d-a9b2-57aa50ffb586" testName="SaveChanges_RejeitaModificacaoDeGarcomDeOutroUsuario" computerName="DESKTOP-N8P4M4D" duration="00:00:00.0005581" startTime="2026-08-24T02:45:35.3460782-03:00" endTime="2026-08-24T02:45:35.3466785-03:00" testType="13cdc9d9-ddb5-4fa4-a97d-d965ccfc6d4b" outcome="Passed" testListId="8c84fa94-04c1-424b-9868-57a2d4851a1d" relativeResultsDirectory="5e120703-fcb1-4186-8730-ca1fb1b71f00" />
    <UnitTestResult executionId="235af58b-fec5-4d55-a0e0-fb84b26e4cbe" testId="1024cf08-da3b-8d74-ada0-2af6f513ab8f" testName="Deve_ImpedirExclusao_DeContaVinculadaAPedido" computerName="DESKTOP-N8P4M4D" duration="00:00:00.0196055" startTime="2026-08-24T02:45:35.3078444-03:00" endTime="2026-08-24T02:45:35.3275950-03:00" testType="13cdc9d9-ddb5-4fa4-a97d-d965ccfc6d4b" outcome="Passed" testListId="8c84fa94-04c1-424b-9868-57a2d4851a1d" relativeResultsDirectory="235af58b-fec5-4d55-a0e0-fb84b26e4cbe" />
    <UnitTestResult executionId="8e0792ea-1de6-4077-8a97-1f7a72995eb1" testId="1b9ccaf9-4747-8062-9fdb-6c32a3fbe7ea" testName="PermiteMultiplasContasNaMesmaMesa" computerName="DESKTOP-N8P4M4D" duration="00:00:00.0009757" startTime="2026-08-24T02:45:35.4636125-03:00" endTime="2026-08-24T02:45:35.4646496-03:00" testType="13cdc9d9-ddb5-4fa4-a97d-d965ccfc6d4b" outcome="Passed" testListId="8c84fa94-04c1-424b-9868-57a2d4851a1d" relativeResultsDirectory="8e0792ea-1de6-4077-8a97-1f7a72995eb1" />
    <UnitTestResult executionId="8fccb5f3-8e0a-4e62-849e-4e2bb4ef179a" testId="19918bd7-35a0-8a00-8418-896c8030d0b0" testName="Editar_AtualizaRegistro" computerName="DESKTOP-N8P4M4D" duration="00:00:00.0189423" startTime="2026-08-24T02:45:34.1831640-03:00" endTime="2026-08-24T02:45:34.2021998-03:00" testType="13cdc9d9-ddb5-4fa4-a97d-d965ccfc6d4b" outcome="Passed" testListId="8c84fa94-04c1-424b-9868-57a2d4851a1d" relativeResultsDirectory="8fccb5f3-8e0a-4e62-849e-4e2bb4ef179a" />
    <UnitTestResult executionId="4b8cef12-7695-4741-a159-913cf31cef85" testId="1a0b3baf-d7bd-87d1-8682-4e253e5499f1" testName="Editar_RetornaFalsoParaProdutoInexistente" computerName="DESKTOP-N8P4M4D" duration="00:00:00.0004058" startTime="2026-08-24T02:45:34.2308658-03:00" endTime="2026-08-24T02:45:34.2319855-03:00" testType="13cdc9d9-ddb5-4fa4-a97d-d965ccfc6d4b" outcome="Passed" testListId="8c84fa94-04c1-424b-9868-57a2d4851a1d" relativeResultsDirectory="4b8cef12-7695-4741-a159-913cf31cef85" />
    <UnitTestResult executionId="d9335466-dc30-49a7-98ad-c12fb67712c0" testId="1d5c6a4e-7405-8c4f-9fc5-f81b577e8f3f" testName="SelecionarPorId_NaoCarregaMesaDeOutroUsuario" computerName="DESKTOP-N8P4M4D" duration="00:00:00.0009209" startTime="2026-08-24T02:45:34.4241599-03:00" endTime="2026-08-24T02:45:34.4251385-03:00" testType="13cdc9d9-ddb5-4fa4-a97d-d965ccfc6d4b" outcome="Passed" testListId="8c84fa94-04c1-424b-9868-57a2d4851a1d" relativeResultsDirectory="d9335466-dc30-49a7-98ad-c12fb67712c0" />
    <UnitTestResult executionId="82aad68e-d3f8-4e78-8472-a718e624d9b0" testId="179123a3-75ef-8c59-89ff-90b56d46a78f" testName="Deve_CalcularSubtotalCorretamente_Apos_Recarregar" computerName="DESKTOP-N8P4M4D" duration="00:00:00.0012032" startTime="2026-08-24T02:45:34.3498207-03:00" endTime="2026-08-24T02:45:34.3511171-03:00" testType="13cdc9d9-ddb5-4fa4-a97d-d965ccfc6d4b" outcome="Passed" testListId="8c84fa94-04c1-424b-9868-57a2d4851a1d" relativeResultsDirectory="82aad68e-d3f8-4e78-8472-a718e624d9b0" />
    <UnitTestResult executionId="fc1be240-26d5-4b75-8d22-8a99102093cc" testId="16e46dd3-0dca-88d3-9f81-4140cea9f350" testName="Excluir_RetornaFalsoParaPedidoInexistente" computerName="DESKTOP-N8P4M4D" duration="00:00:00.0003103" startTime="2026-08-24T02:45:34.3449862-03:00" endTime="2026-08-24T02:45:34.3453305-03:00" testType="13cdc9d9-ddb5-4fa4-a97d-d965ccfc6d4b" outcome="Passed" testListId="8c84fa94-04c1-424b-9868-57a2d4851a1d" relativeResultsDirectory="fc1be240-26d5-4b75-8d22-8a99102093cc" />
    <UnitTestResult executionId="4f54a51c-0cf6-419f-a842-b0432f33857c" testId="14f54186-60a1-8e22-a6de-287364528e6b" testName="Deve_ImpedirExclusao_DeGarcomVinculadoAConta" computerName="DESKTOP-N8P4M4D" duration="00:00:00.0370912" startTime="2026-08-24T02:45:35.1735766-03:00" endTime="2026-08-24T02:45:35.2107427-03:00" testType="13cdc9d9-ddb5-4fa4-a97d-d965ccfc6d4b" outcome="Passed" testListId="8c84fa94-04c1-424b-9868-57a2d4851a1d" relativeResultsDirectory="4f54a51c-0cf6-419f-a842-b0432f33857c" />
    <UnitTestResult executionId="77339b03-44d6-4df0-9714-bfa358c6c219" testId="1341c626-4bd1-825f-9838-f49c67b69f6f" testName="Cadastrar_PermiteMesmoNomeParaUsuariosDiferentes" computerName="DESKTOP-N8P4M4D" duration="00:00:00.0010971" startTime="2026-08-24T02:45:35.3440448-03:00" endTime="2026-08-24T02:45:35.3452068-03:00" testType="13cdc9d9-ddb5-4fa4-a97d-d965ccfc6d4b" outcome="Passed" testListId="8c84fa94-04c1-424b-9868-57a2d4851a1d" relativeResultsDirectory="77339b03-44d6-4df0-9714-bfa358c6c219" />
    <UnitTestResult executionId="4e14f65d-93a6-4ce7-8642-7075c6e209eb" testId="1eb4cd0c-7ee1-877b-8df1-3b6508948f25" testName="SelecionarPorId_RetornaNuloParaProdutoDeOutroUsuario" computerName="DESKTOP-N8P4M4D" duration="00:00:00.0011232" startTime="2026-08-24T02:45:34.2291109-03:00" endTime="2026-08-24T02:45:34.2302988-03:00" testType="13cdc9d9-ddb5-4fa4-a97d-d965ccfc6d4b" outcome="Passed" testListId="8c84fa94-04c1-424b-9868-57a2d4851a1d" relativeResultsDirectory="4e14f65d-93a6-4ce7-8642-7075c6e209eb" />
    <UnitTestResult executionId="b0a24847-807d-4443-9f01-4699fe91ddf5" testId="1ee44a4c-b244-873e-a5fa-bf4b00144894" testName="Deve_SomarContasFechadasDoDia_EIgnorarOutrasDatasEContasAbertas" computerName="DESKTOP-N8P4M4D" duration="00:00:00.1045166" startTime="2026-08-24T02:45:35.3494405-03:00" endTime="2026-08-24T02:45:35.4540797-03:00" testType="13cdc9d9-ddb5-4fa4-a97d-d965ccfc6d4b" outcome="Passed" testListId="8c84fa94-04c1-424b-9868-57a2d4851a1d" relativeResultsDirectory="b0a24847-807d-4443-9f01-4699fe91ddf5" />
    <UnitTestResult executionId="e7d8ecdf-58c6-4a4d-a7a3-39f2e8a275e8" testId="14f9fc11-92d3-836f-b612-08cc0fa86194" testName="Deve_Permitir_MesmoProdutoEmMultiplosPedidos" computerName="DESKTOP-N8P4M4D" duration="00:00:00.0011425" startTime="2026-08-24T02:45:34.3511587-03:00" endTime="2026-08-24T02:45:34.3523499-03:00" testType="13cdc9d9-ddb5-4fa4-a97d-d965ccfc6d4b" outcome="Passed" testListId="8c84fa94-04c1-424b-9868-57a2d4851a1d" relativeResultsDirectory="e7d8ecdf-58c6-4a4d-a7a3-39f2e8a275e8" />
    <UnitTestResult executionId="9655715d-7517-4d19-9d3a-971a1a98b6a4" testId="1e14fb79-d9a1-83b6-a466-c2780286e28d" testName="SelecionarPorId_NaoCarregaGarcomDeOutroUsuario" computerName="DESKTOP-N8P4M4D" duration="00:00:00.0007705" startTime="2026-08-24T02:45:35.3452389-03:00" endTime="2026-08-24T02:45:35.3460520-03:00" testType="13cdc9d9-ddb5-4fa4-a97d-d965ccfc6d4b" outcome="Passed" testListId="8c84fa94-04c1-424b-9868-57a2d4851a1d" relativeResultsDirectory="9655715d-7517-4d19-9d3a-971a1a98b6a4" />
    <UnitTestResult executionId="a8af11d6-28f1-4d72-a83d-821ad097b958" testId="173a8728-e6fa-8952-b489-d686e76b3449" testName="Modelo_ConfiguraIndiceUnicoPorUsuarioENome" computerName="DESKTOP-N8P4M4D" duration="00:00:00.0006520" startTime="2026-08-24T02:45:35.3487187-03:00" endTime="2026-08-24T02:45:35.3494136-03:00" testType="13cdc9d9-ddb5-4fa4-a97d-d965ccfc6d4b" outcome="Passed" testListId="8c84fa94-04c1-424b-9868-57a2d4851a1d" relativeResultsDirectory="a8af11d6-28f1-4d72-a83d-821ad097b958" />
    <UnitTestResult executionId="1b01d65c-af0e-47db-893a-be22c1e66e9e" testId="1acddc37-9d2c-8e59-b631-a97d02aaa66b" testName="Deve_RetornarZero_QuandoNaoHouverContasFechadasNaData" computerName="DESKTOP-N8P4M4D" duration="00:00:00.0015095" startTime="2026-08-24T02:45:35.4564851-03:00" endTime="2026-08-24T02:45:35.4580537-03:00" testType="13cdc9d9-ddb5-4fa4-a97d-d965ccfc6d4b" outcome="Passed" testListId="8c84fa94-04c1-424b-9868-57a2d4851a1d" relativeResultsDirectory="1b01d65c-af0e-47db-893a-be22c1e66e9e" />
    <UnitTestResult executionId="af830fae-0816-4d1d-87b7-05f79ac62ac5" testId="144c3951-c031-844f-a2ac-39232cfb38b5" testName="Modelo_ConfiguraIndiceUnicoPorUsuarioENumero" computerName="DESKTOP-N8P4M4D" duration="00:00:00.0016983" startTime="2026-08-24T02:45:34.4287405-03:00" endTime="2026-08-24T02:45:34.4304948-03:00" testType="13cdc9d9-ddb5-4fa4-a97d-d965ccfc6d4b" outcome="Passed" testListId="8c84fa94-04c1-424b-9868-57a2d4851a1d" relativeResultsDirectory="af830fae-0816-4d1d-87b7-05f79ac62ac5" />
    <UnitTestResult executionId="718667da-581c-4c79-a1dd-bb472587f758" testId="15095647-f269-89ae-87b5-c974226d5099" testName="CadastrarESelecionarPorId_CarregaRegistro" computerName="DESKTOP-N8P4M4D" duration="00:00:01.0201034" startTime="2026-08-24T02:45:33.1126692-03:00" endTime="2026-08-24T02:45:34.1485463-03:00" testType="13cdc9d9-ddb5-4fa4-a97d-d965ccfc6d4b" outcome="Passed" testListId="8c84fa94-04c1-424b-9868-57a2d4851a1d" relativeResultsDirectory="718667da-581c-4c79-a1dd-bb472587f758" />
    <UnitTestResult executionId="55cc4578-ca67-487c-90d1-47df027c99c0" testId="1d413476-9dd8-8100-ac7a-e5e747d1d984" testName="Excluir_RemoveRegistroExistente" computerName="DESKTOP-N8P4M4D" duration="00:00:00.0008210" startTime="2026-08-24T02:45:35.3376819-03:00" endTime="2026-08-24T02:45:35.3385607-03:00" testType="13cdc9d9-ddb5-4fa4-a97d-d965ccfc6d4b" outcome="Passed" testListId="8c84fa94-04c1-424b-9868-57a2d4851a1d" relativeResultsDirectory="55cc4578-ca67-487c-90d1-47df027c99c0" />
    <UnitTestResult executionId="4faa3d24-7ff6-4e7c-a47f-f06480805bff" testId="1105d924-c5a9-82bc-9712-9724b7521649" testName="SaveChanges_RejeitaExclusaoDeMesaDeOutroUsuario" computerName="DESKTOP-N8P4M4D" duration="00:00:00.0005200" startTime="2026-08-24T02:45:34.4270243-03:00" endTime="2026-08-24T02:45:34.4275844-03:00" testType="13cdc9d9-ddb5-4fa4-a97d-d965ccfc6d4b" outcome="Passed" testListId="8c84fa94-04c1-424b-9868-57a2d4851a1d" relativeResultsDirectory="4faa3d24-7ff6-4e7c-a47f-f06480805bff" />
    <UnitTestResult executionId="82b2ed28-a0d7-47f0-b99d-1cb01ef2a726" testId="166f66c9-68af-852c-b933-0295c69702b7" testName="Deve_CarregarRelacionamentos_ContaEProduto_DoPedido" computerName="DESKTOP-N8P4M4D" duration="00:00:00.0497202" startTime="2026-08-24T02:45:34.3564742-03:00" endTime="2026-08-24T02:45:34.4062730-03:00" testType="13cdc9d9-ddb5-4fa4-a97d-d965ccfc6d4b" outcome="Passed" testListId="8c84fa94-04c1-424b-9868-57a2d4851a1d" relativeResultsDirectory="82b2ed28-a0d7-47f0-b99d-1cb01ef2a726" />
    <UnitTestResult executionId="4ec55697-36ec-4f2a-865a-d1a03174fb61" testId="1fe4504b-b5e0-869b-8cdb-6de8fdefb39e" testName="CadastrarESelecionarPorId_CarregaRegistro" computerName="DESKTOP-N8P4M4D" duration="00:00:00.0010383" startTime="2026-08-24T02:45:35.4580985-03:00" endTime="2026-08-24T02:45:35.4592572-03:00" testType="13cdc9d9-ddb5-4fa4-a97d-d965ccfc6d4b" outcome="Passed" testListId="8c84fa94-04c1-424b-9868-57a2d4851a1d" relativeResultsDirectory="4ec55697-36ec-4f2a-865a-d1a03174fb61" />
    <UnitTestResult executionId="33561588-ae73-46d3-971f-5d4d2e6a9ff1" testId="1048c88d-1d74-8587-b25b-0a0100d93d06" testName="SelecionarTodos_CarregaSomenteRegistrosDoUsuarioAutenticado" computerName="DESKTOP-N8P4M4D" duration="00:00:00.0047904" startTime="2026-08-24T02:45:34.4171453-03:00" endTime="2026-08-24T02:45:34.4219850-03:00" testType="13cdc9d9-ddb5-4fa4-a97d-d965ccfc6d4b" outcome="Passed" testListId="8c84fa94-04c1-424b-9868-57a2d4851a1d" relativeResultsDirectory="33561588-ae73-46d3-971f-5d4d2e6a9ff1" />
    <UnitTestResult executionId="25099439-47d6-4a1e-8660-ce6b3e7f14b6" testId="1c507c25-3ad7-8223-858b-f4f6e7f186ba" testName="CadastrarESelecionarPorId_CarregaRegistro" computerName="DESKTOP-N8P4M4D" duration="00:00:00.0013470" startTime="2026-08-24T02:45:34.3380882-03:00" endTime="2026-08-24T02:45:34.3395880-03:00" testType="13cdc9d9-ddb5-4fa4-a97d-d965ccfc6d4b" outcome="Passed" testListId="8c84fa94-04c1-424b-9868-57a2d4851a1d" relativeResultsDirectory="25099439-47d6-4a1e-8660-ce6b3e7f14b6" />
    <UnitTestResult executionId="94890fcf-bb0e-4db7-ba74-d4408c75baad" testId="1a6eb5f6-d943-8861-968f-2243102f1ae4" testName="SelecionarPorId_RetornaNuloParaPedidoDeOutroUsuario" computerName="DESKTOP-N8P4M4D" duration="00:00:00.0009382" startTime="2026-08-24T02:45:34.3429689-03:00" endTime="2026-08-24T02:45:34.3439559-03:00" testType="13cdc9d9-ddb5-4fa4-a97d-d965ccfc6d4b" outcome="Passed" testListId="8c84fa94-04c1-424b-9868-57a2d4851a1d" relativeResultsDirectory="94890fcf-bb0e-4db7-ba74-d4408c75baad" />
    <UnitTestResult executionId="ee928cb4-ff72-4db3-a883-c97434e0fe76" testId="165db360-2a68-8a6f-8112-c466bb11bca2" testName="SelecionarTodos_CarregaSomenteContasDoUsuarioAutenticado" computerName="DESKTOP-N8P4M4D" duration="00:00:00.0016659" startTime="2026-08-24T02:45:35.4610674-03:00" endTime="2026-08-24T02:45:35.4627775-03:00" testType="13cdc9d9-ddb5-4fa4-a97d-d965ccfc6d4b" outcome="Passed" testListId="8c84fa94-04c1-424b-9868-57a2d4851a1d" relativeResultsDirectory="ee928cb4-ff72-4db3-a883-c97434e0fe76" />
    <UnitTestResult executionId="3008d023-1d2a-4d62-95bf-620654aa8065" testId="15f3e574-d124-8f55-b152-b28fde63efd2" testName="SaveChanges_RejeitaExclusaoDeGarcomDeOutroUsuario" computerName="DESKTOP-N8P4M4D" duration="00:00:00.0007325" startTime="2026-08-24T02:45:35.3478700-03:00" endTime="2026-08-24T02:45:35.3486826-03:00" testType="13cdc9d9-ddb5-4fa4-a97d-d965ccfc6d4b" outcome="Passed" testListId="8c84fa94-04c1-424b-9868-57a2d4851a1d" relativeResultsDirectory="3008d023-1d2a-4d62-95bf-620654aa8065" />
    <UnitTestResult executionId="f26c91fd-1942-490e-8764-055603065d0b" testId="14dbda2b-1b1d-8be5-8eb3-f8eb976f2c3e" testName="Cadastrar_PreencheUserIdDoUsuarioAutenticado" computerName="DESKTOP-N8P4M4D" duration="00:00:00.0008818" startTime="2026-08-24T02:45:35.4592875-03:00" endTime="2026-08-24T02:45:35.4602054-03:00" testType="13cdc9d9-ddb5-4fa4-a97d-d965ccfc6d4b" outcome="Passed" testListId="8c84fa94-04c1-424b-9868-57a2d4851a1d" relativeResultsDirectory="f26c91fd-1942-490e-8764-055603065d0b" />
    <UnitTestResult executionId="376e992b-c7cd-4e4a-a778-d6eaea3802c2" testId="1539e094-69a5-8670-b5b1-8039b12415c8" testName="Editar_AtualizaRegistroEPreservaUserId" computerName="DESKTOP-N8P4M4D" duration="00:00:00.0010594" startTime="2026-08-24T02:45:35.3365029-03:00" endTime="2026-08-24T02:45:35.3376290-03:00" testType="13cdc9d9-ddb5-4fa4-a97d-d965ccfc6d4b" outcome="Passed" testListId="8c84fa94-04c1-424b-9868-57a2d4851a1d" relativeResultsDirectory="376e992b-c7cd-4e4a-a778-d6eaea3802c2" />
    <UnitTestResult executionId="9a096757-b801-4623-bd13-671ef820b491" testId="10f9b73e-3e93-89b2-9680-9ecb79f9dbe0" testName="Deve_PreservarSnapshot_DoProduto_AposAlteracaoDoProduto" computerName="DESKTOP-N8P4M4D" duration="00:00:00.0039759" startTime="2026-08-24T02:45:34.3523821-03:00" endTime="2026-08-24T02:45:34.3564147-03:00" testType="13cdc9d9-ddb5-4fa4-a97d-d965ccfc6d4b" outcome="Passed" testListId="8c84fa94-04c1-424b-9868-57a2d4851a1d" relativeResultsDirectory="9a096757-b801-4623-bd13-671ef820b491" />
    <UnitTestResult executionId="12a19543-22cb-45cd-830d-83579e38bacd" testId="1e904400-692c-8472-b51b-ae4f58a8d26b" testName="Deve_CarregarRelacionamentos_MesaEGarcom_DaConta" computerName="DESKTOP-N8P4M4D" duration="00:00:00.0198553" startTime="2026-08-24T02:45:35.4646759-03:00" endTime="2026-08-24T02:45:35.4851060-03:00" testType="13cdc9d9-ddb5-4fa4-a97d-d965ccfc6d4b" outcome="Passed" testListId="8c84fa94-04c1-424b-9868-57a2d4851a1d" relativeResultsDirectory="12a19543-22cb-45cd-830d-83579e38bacd" />
    <UnitTestResult executionId="36be1677-b659-4df7-bb89-65d8fb750b1e" testId="1109a8c5-2768-85df-880e-9d611f86dfd9" testName="Deve_Filtrar_MultiplosPedidosDamesmaConta" computerName="DESKTOP-N8P4M4D" duration="00:00:00.0012971" startTime="2026-08-24T02:45:34.3453533-03:00" endTime="2026-08-24T02:45:34.3467154-03:00" testType="13cdc9d9-ddb5-4fa4-a97d-d965ccfc6d4b" outcome="Passed" testListId="8c84fa94-04c1-424b-9868-57a2d4851a1d" relativeResultsDirectory="36be1677-b659-4df7-bb89-65d8fb750b1e" />
    <UnitTestResult executionId="c25c09d9-4c50-4a0c-be05-0c22f9f47bcd" testId="1d1288bf-6c8a-89b8-8aaa-d9761f90fc07" testName="Excluir_RetornaFalsoParaProdutoInexistente" computerName="DESKTOP-N8P4M4D" duration="00:00:00.0004385" startTime="2026-08-24T02:45:34.2303479-03:00" endTime="2026-08-24T02:45:34.2308406-03:00" testType="13cdc9d9-ddb5-4fa4-a97d-d965ccfc6d4b" outcome="Passed" testListId="8c84fa94-04c1-424b-9868-57a2d4851a1d" relativeResultsDirectory="c25c09d9-4c50-4a0c-be05-0c22f9f47bcd" />
    <UnitTestResult executionId="1a6f6ff7-6657-4bcf-b8f9-ff0ac11c988b" testId="159cfde3-be77-834a-aa9c-6d45067f8bb2" testName="Excluir_RemoveRegistroExistente" computerName="DESKTOP-N8P4M4D" duration="00:00:00.0091036" startTime="2026-08-24T02:45:34.2022528-03:00" endTime="2026-08-24T02:45:34.2114468-03:00" testType="13cdc9d9-ddb5-4fa4-a97d-d965ccfc6d4b" outcome="Passed" testListId="8c84fa94-04c1-424b-9868-57a2d4851a1d" relativeResultsDirectory="1a6f6ff7-6657-4bcf-b8f9-ff0ac11c988b" />
    <UnitTestResult executionId="f539ceae-5346-455a-b1ff-2f7720afb672" testId="14fa284c-edda-8bdd-8a65-e4652160e739" testName="SelecionarPorId_NaoCarregaContaDeOutroUsuario" computerName="DESKTOP-N8P4M4D" duration="00:00:00.0007955" startTime="2026-08-24T02:45:35.4602243-03:00" endTime="2026-08-24T02:45:35.4610495-03:00" testType="13cdc9d9-ddb5-4fa4-a97d-d965ccfc6d4b" outcome="Passed" testListId="8c84fa94-04c1-424b-9868-57a2d4851a1d" relativeResultsDirectory="f539ceae-5346-455a-b1ff-2f7720afb672" />
  </Results>
  <TestDefinitions>
    <UnitTest name="Editar_AtualizaRegistroEPreservaUserId" storage="c:\users\gutes\onedrive\desktop\super pasta\academia do programador\controle-de-bar-2026\tests\controledebar.testes.integracao\bin\release\net10.0\controledebar.testes.integracao.dll" id="1539e094-69a5-8670-b5b1-8039b12415c8">
      <Execution id="376e992b-c7cd-4e4a-a778-d6eaea3802c2" />
      <TestMethod codeBase="C:\Users\gutes\OneDrive\Desktop\Super Pasta\Academia do Programador\controle-de-bar-2026\tests\ControleDeBar.Testes.Integracao\bin\Release\net10.0\ControleDeBar.Testes.Integracao.dll" adapterTypeName="executor://mstestadapter/v4" className="ControleDeBar.Testes.Integracao.ModuloGarcom.RepositorioGarcomEmOrmTests" name="Editar_AtualizaRegistroEPreservaUserId" />
    </UnitTest>
    <UnitTest name="SelecionarTodos_CarregaSomenteRegistrosDoUsuarioAutenticado" storage="c:\users\gutes\onedrive\desktop\super pasta\academia do programador\controle-de-bar-2026\tests\controledebar.testes.integracao\bin\release\net10.0\controledebar.testes.integracao.dll" id="15f6a3ad-ecc2-8130-9882-c6441ab401b8">
      <Execution id="9ddd0e4a-ef21-457f-9180-06521f88c501" />
      <TestMethod codeBase="C:\Users\gutes\OneDrive\Desktop\Super Pasta\Academia do Programador\controle-de-bar-2026\tests\ControleDeBar.Testes.Integracao\bin\Release\net10.0\ControleDeBar.Testes.Integracao.dll" adapterTypeName="executor://mstestadapter/v4" className="ControleDeBar.Testes.Integracao.ModuloProduto.RepositorioProdutoEmOrmTests" name="SelecionarTodos_CarregaSomenteRegistrosDoUsuarioAutenticado" />
    </UnitTest>
    <UnitTest name="CadastrarESelecionarPorId_CarregaRegistro" storage="c:\users\gutes\onedrive\desktop\super pasta\academia do programador\controle-de-bar-2026\tests\controledebar.testes.integracao\bin\release\net10.0\controledebar.testes.integracao.dll" id="1b037951-db4a-8bd3-8f44-15dd1157e42c">
      <Execution id="69407697-a52e-4553-86d7-bfe576701bdb" />
      <TestMethod codeBase="C:\Users\gutes\OneDrive\Desktop\Super Pasta\Academia do Programador\controle-de-bar-2026\tests\ControleDeBar.Testes.Integracao\bin\Release\net10.0\ControleDeBar.Testes.Integracao.dll" adapterTypeName="executor://mstestadapter/v4" className="ControleDeBar.Testes.Integracao.ModuloMesa.RepositorioMesaEmOrmTests" name="CadastrarESelecionarPorId_CarregaRegistro" />
    </UnitTest>
    <UnitTest name="SaveChanges_RejeitaModificacaoDeMesaDeOutroUsuario" storage="c:\users\gutes\onedrive\desktop\super pasta\academia do programador\controle-de-bar-2026\tests\controledebar.testes.integracao\bin\release\net10.0\controledebar.testes.integracao.dll" id="15cd338a-3434-8edf-ae57-5375a611b1f0">
      <Execution id="0574b23b-e9b1-4a2e-a75f-006424fec51d" />
      <TestMethod codeBase="C:\Users\gutes\OneDrive\Desktop\Super Pasta\Academia do Programador\controle-de-bar-2026\tests\ControleDeBar.Testes.Integracao\bin\Release\net10.0\ControleDeBar.Testes.Integracao.dll" adapterTypeName="executor://mstestadapter/v4" className="ControleDeBar.Testes.Integracao.ModuloMesa.RepositorioMesaEmOrmTests" name="SaveChanges_RejeitaModificacaoDeMesaDeOutroUsuario" />
    </UnitTest>
    <UnitTest name="SelecionarPorId_NaoCarregaMesaDeOutroUsuario" storage="c:\users\gutes\onedrive\desktop\super pasta\academia do programador\controle-de-bar-2026\tests\controledebar.testes.integracao\bin\release\net10.0\controledebar.testes.integracao.dll" id="1d5c6a4e-7405-8c4f-9fc5-f81b577e8f3f">
      <Execution id="d9335466-dc30-49a7-98ad-c12fb67712c0" />
      <TestMethod codeBase="C:\Users\gutes\OneDrive\Desktop\Super Pasta\Academia do Programador\controle-de-bar-2026\tests\ControleDeBar.Testes.Integracao\bin\Release\net10.0\ControleDeBar.Testes.Integracao.dll" adapterTypeName="executor://mstestadapter/v4" className="ControleDeBar.Testes.Integracao.ModuloMesa.RepositorioMesaEmOrmTests" name="SelecionarPorId_NaoCarregaMesaDeOutroUsuario" />
    </UnitTest>
    <UnitTest name="Cadastrar_PermiteMesmoNumeroParaUsuariosDiferentes" storage="c:\users\gutes\onedrive\desktop\super pasta\academia do programador\controle-de-bar-2026\tests\controledebar.testes.integracao\bin\release\net10.0\controledebar.testes.integracao.dll" id="1473b9ff-9e6f-8db8-a142-ca8afdc83a7f">
      <Execution id="c6835345-47aa-44da-b312-1291bdcc30c7" />
      <TestMethod codeBase="C:\Users\gutes\OneDrive\Desktop\Super Pasta\Academia do Programador\controle-de-bar-2026\tests\ControleDeBar.Testes.Integracao\bin\Release\net10.0\ControleDeBar.Testes.Integracao.dll" adapterTypeName="executor://mstestadapter/v4" className="ControleDeBar.Testes.Integracao.ModuloMesa.RepositorioMesaEmOrmTests" name="Cadastrar_PermiteMesmoNumeroParaUsuariosDiferentes" />
    </UnitTest>
    <UnitTest name="Deve_PreservarPedidosETotal_AposFecharConta" storage="c:\users\gutes\onedrive\desktop\super pasta\academia do programador\controle-de-bar-2026\tests\controledebar.testes.integracao\bin\release\net10.0\controledebar.testes.integracao.dll" id="1e184376-7fa8-8dbf-8043-ab45b1a87b63">
      <Execution id="c5a60a25-929d-49bf-98cc-a50c500041c5" />
      <TestMethod codeBase="C:\Users\gutes\OneDrive\Desktop\Super Pasta\Academia do Programador\controle-de-bar-2026\tests\ControleDeBar.Testes.Integracao\bin\Release\net10.0\ControleDeBar.Testes.Integracao.dll" adapterTypeName="executor://mstestadapter/v4" className="ControleDeBar.Testes.Integracao.ModuloPedido.ContaAndPedidoIntegrationTests" name="Deve_PreservarPedidosETotal_AposFecharConta" />
    </UnitTest>
    <UnitTest name="Excluir_RemoveRegistroExistente" storage="c:\users\gutes\onedrive\desktop\super pasta\academia do programador\controle-de-bar-2026\tests\controledebar.testes.integracao\bin\release\net10.0\controledebar.testes.integracao.dll" id="1c7555b4-907b-8b6e-b8d4-9378383eac00">
      <Execution id="e8267439-6c52-449c-b6b5-d862f0b0f1cd" />
      <TestMethod codeBase="C:\Users\gutes\OneDrive\Desktop\Super Pasta\Academia do Programador\controle-de-bar-2026\tests\ControleDeBar.Testes.Integracao\bin\Release\net10.0\ControleDeBar.Testes.Integracao.dll" adapterTypeName="executor://mstestadapter/v4" className="ControleDeBar.Testes.Integracao.ModuloMesa.RepositorioMesaEmOrmTests" name="Excluir_RemoveRegistroExistente" />
    </UnitTest>
    <UnitTest name="SelecionarTodos_CarregaSomenteContasDoUsuarioAutenticado" storage="c:\users\gutes\onedrive\desktop\super pasta\academia do programador\controle-de-bar-2026\tests\controledebar.testes.integracao\bin\release\net10.0\controledebar.testes.integracao.dll" id="165db360-2a68-8a6f-8112-c466bb11bca2">
      <Execution id="ee928cb4-ff72-4db3-a883-c97434e0fe76" />
      <TestMethod codeBase="C:\Users\gutes\OneDrive\Desktop\Super Pasta\Academia do Programador\controle-de-bar-2026\tests\ControleDeBar.Testes.Integracao\bin\Release\net10.0\ControleDeBar.Testes.Integracao.dll" adapterTypeName="executor://mstestadapter/v4" className="ControleDeBar.Testes.Integracao.ModuloConta.RepositorioContaEmOrmTests" name="SelecionarTodos_CarregaSomenteContasDoUsuarioAutenticado" />
    </UnitTest>
    <UnitTest name="Deve_ImpedirExclusao_DeMesaVinculadaAConta" storage="c:\users\gutes\onedrive\desktop\super pasta\academia do programador\controle-de-bar-2026\tests\controledebar.testes.integracao\bin\release\net10.0\controledebar.testes.integracao.dll" id="1cd86e75-63b1-8833-a13d-4d3140c681c8">
      <Execution id="fc1d5287-d2be-4998-8ed0-0d6adb7d9fd6" />
      <TestMethod codeBase="C:\Users\gutes\OneDrive\Desktop\Super Pasta\Academia do Programador\controle-de-bar-2026\tests\ControleDeBar.Testes.Integracao\bin\Release\net10.0\ControleDeBar.Testes.Integracao.dll" adapterTypeName="executor://mstestadapter/v4" className="ControleDeBar.Testes.Integracao.ModuloIntegridadeReferencial.IntegridadeReferencialSqliteTests" name="Deve_ImpedirExclusao_DeMesaVinculadaAConta" />
    </UnitTest>
    <UnitTest name="Editar_RetornaFalsoParaProdutoInexistente" storage="c:\users\gutes\onedrive\desktop\super pasta\academia do programador\controle-de-bar-2026\tests\controledebar.testes.integracao\bin\release\net10.0\controledebar.testes.integracao.dll" id="1a0b3baf-d7bd-87d1-8682-4e253e5499f1">
      <Execution id="4b8cef12-7695-4741-a159-913cf31cef85" />
      <TestMethod codeBase="C:\Users\gutes\OneDrive\Desktop\Super Pasta\Academia do Programador\controle-de-bar-2026\tests\ControleDeBar.Testes.Integracao\bin\Release\net10.0\ControleDeBar.Testes.Integracao.dll" adapterTypeName="executor://mstestadapter/v4" className="ControleDeBar.Testes.Integracao.ModuloProduto.RepositorioProdutoEmOrmTests" name="Editar_RetornaFalsoParaProdutoInexistente" />
    </UnitTest>
    <UnitTest name="Deve_Permitir_MesmoProdutoEmMultiplosPedidos" storage="c:\users\gutes\onedrive\desktop\super pasta\academia do programador\controle-de-bar-2026\tests\controledebar.testes.integracao\bin\release\net10.0\controledebar.testes.integracao.dll" id="14f9fc11-92d3-836f-b612-08cc0fa86194">
      <Execution id="e7d8ecdf-58c6-4a4d-a7a3-39f2e8a275e8" />
      <TestMethod codeBase="C:\Users\gutes\OneDrive\Desktop\Super Pasta\Academia do Programador\controle-de-bar-2026\tests\ControleDeBar.Testes.Integracao\bin\Release\net10.0\ControleDeBar.Testes.Integracao.dll" adapterTypeName="executor://mstestadapter/v4" className="ControleDeBar.Testes.Integracao.ModuloPedido.RepositorioPedidoEmOrmTests" name="Deve_Permitir_MesmoProdutoEmMultiplosPedidos" />
    </UnitTest>
    <UnitTest name="SelecionarTodos_CarregaSomenteRegistrosDoUsuarioAutenticado" storage="c:\users\gutes\onedrive\desktop\super pasta\academia do programador\controle-de-bar-2026\tests\controledebar.testes.integracao\bin\release\net10.0\controledebar.testes.integracao.dll" id="1b2cc56d-74ef-8524-ada0-7028f0c0d09a">
      <Execution id="c92d4d6c-99fb-4e79-be64-0a72250fdf8c" />
      <TestMethod codeBase="C:\Users\gutes\OneDrive\Desktop\Super Pasta\Academia do Programador\controle-de-bar-2026\tests\ControleDeBar.Testes.Integracao\bin\Release\net10.0\ControleDeBar.Testes.Integracao.dll" adapterTypeName="executor://mstestadapter/v4" className="ControleDeBar.Testes.Integracao.ModuloPedido.RepositorioPedidoEmOrmTests" name="SelecionarTodos_CarregaSomenteRegistrosDoUsuarioAutenticado" />
    </UnitTest>
    <UnitTest name="Cadastrar_PreencheUserIdDoUsuarioAutenticado" storage="c:\users\gutes\onedrive\desktop\super pasta\academia do programador\controle-de-bar-2026\tests\controledebar.testes.integracao\bin\release\net10.0\controledebar.testes.integracao.dll" id="14dbda2b-1b1d-8be5-8eb3-f8eb976f2c3e">
      <Execution id="f26c91fd-1942-490e-8764-055603065d0b" />
      <TestMethod codeBase="C:\Users\gutes\OneDrive\Desktop\Super Pasta\Academia do Programador\controle-de-bar-2026\tests\ControleDeBar.Testes.Integracao\bin\Release\net10.0\ControleDeBar.Testes.Integracao.dll" adapterTypeName="executor://mstestadapter/v4" className="ControleDeBar.Testes.Integracao.ModuloConta.RepositorioContaEmOrmTests" name="Cadastrar_PreencheUserIdDoUsuarioAutenticado" />
    </UnitTest>
    <UnitTest name="CadastrarESelecionarPorId_CarregaRegistro" storage="c:\users\gutes\onedrive\desktop\super pasta\academia do programador\controle-de-bar-2026\tests\controledebar.testes.integracao\bin\release\net10.0\controledebar.testes.integracao.dll" id="15095647-f269-89ae-87b5-c974226d5099">
      <Execution id="718667da-581c-4c79-a1dd-bb472587f758" />
      <TestMethod codeBase="C:\Users\gutes\OneDrive\Desktop\Super Pasta\Academia do Programador\controle-de-bar-2026\tests\ControleDeBar.Testes.Integracao\bin\Release\net10.0\ControleDeBar.Testes.Integracao.dll" adapterTypeName="executor://mstestadapter/v4" className="ControleDeBar.Testes.Integracao.ModuloProduto.RepositorioProdutoEmOrmTests" name="CadastrarESelecionarPorId_CarregaRegistro" />
    </UnitTest>
    <UnitTest name="Cadastrar_PreencheUserIdDoUsuarioAutenticado" storage="c:\users\gutes\onedrive\desktop\super pasta\academia do programador\controle-de-bar-2026\tests\controledebar.testes.integracao\bin\release\net10.0\controledebar.testes.integracao.dll" id="1580e18e-8016-8e11-a676-2f4b3a81970b">
      <Execution id="9fb178cd-49c5-4c08-af7d-b31db329fc74" />
      <TestMethod codeBase="C:\Users\gutes\OneDrive\Desktop\Super Pasta\Academia do Programador\controle-de-bar-2026\tests\ControleDeBar.Testes.Integracao\bin\Release\net10.0\ControleDeBar.Testes.Integracao.dll" adapterTypeName="executor://mstestadapter/v4" className="ControleDeBar.Testes.Integracao.ModuloMesa.RepositorioMesaEmOrmTests" name="Cadastrar_PreencheUserIdDoUsuarioAutenticado" />
    </UnitTest>
    <UnitTest name="SelecionarPorId_NaoCarregaGarcomDeOutroUsuario" storage="c:\users\gutes\onedrive\desktop\super pasta\academia do programador\controle-de-bar-2026\tests\controledebar.testes.integracao\bin\release\net10.0\controledebar.testes.integracao.dll" id="1e14fb79-d9a1-83b6-a466-c2780286e28d">
      <Execution id="9655715d-7517-4d19-9d3a-971a1a98b6a4" />
      <TestMethod codeBase="C:\Users\gutes\OneDrive\Desktop\Super Pasta\Academia do Programador\controle-de-bar-2026\tests\ControleDeBar.Testes.Integracao\bin\Release\net10.0\ControleDeBar.Testes.Integracao.dll" adapterTypeName="executor://mstestadapter/v4" className="ControleDeBar.Testes.Integracao.ModuloGarcom.RepositorioGarcomEmOrmTests" name="SelecionarPorId_NaoCarregaGarcomDeOutroUsuario" />
    </UnitTest>
    <UnitTest name="Cadastrar_PermiteMesmoNomeParaUsuariosDiferentes" storage="c:\users\gutes\onedrive\desktop\super pasta\academia do programador\controle-de-bar-2026\tests\controledebar.testes.integracao\bin\release\net10.0\controledebar.testes.integracao.dll" id="1341c626-4bd1-825f-9838-f49c67b69f6f">
      <Execution id="77339b03-44d6-4df0-9714-bfa358c6c219" />
      <TestMethod codeBase="C:\Users\gutes\OneDrive\Desktop\Super Pasta\Academia do Programador\controle-de-bar-2026\tests\ControleDeBar.Testes.Integracao\bin\Release\net10.0\ControleDeBar.Testes.Integracao.dll" adapterTypeName="executor://mstestadapter/v4" className="ControleDeBar.Testes.Integracao.ModuloGarcom.RepositorioGarcomEmOrmTests" name="Cadastrar_PermiteMesmoNomeParaUsuariosDiferentes" />
    </UnitTest>
    <UnitTest name="CadastrarESelecionarPorId_CarregaRegistro" storage="c:\users\gutes\onedrive\desktop\super pasta\academia do programador\controle-de-bar-2026\tests\controledebar.testes.integracao\bin\release\net10.0\controledebar.testes.integracao.dll" id="1affde3a-aa1b-83b5-af40-5df84dd2123f">
      <Execution id="08ec28b0-aafd-4d30-a0db-224e73d6b167" />
      <TestMethod codeBase="C:\Users\gutes\OneDrive\Desktop\Super Pasta\Academia do Programador\controle-de-bar-2026\tests\ControleDeBar.Testes.Integracao\bin\Release\net10.0\ControleDeBar.Testes.Integracao.dll" adapterTypeName="executor://mstestadapter/v4" className="ControleDeBar.Testes.Integracao.ModuloGarcom.RepositorioGarcomEmOrmTests" name="CadastrarESelecionarPorId_CarregaRegistro" />
    </UnitTest>
    <UnitTest name="Editar_AtualizaRegistroEPreservaStatus" storage="c:\users\gutes\onedrive\desktop\super pasta\academia do programador\controle-de-bar-2026\tests\controledebar.testes.integracao\bin\release\net10.0\controledebar.testes.integracao.dll" id="1fc52e58-81dd-878f-b39f-742b70e87a12">
      <Execution id="21554766-3636-4b72-8fc5-e25ce3ee7823" />
      <TestMethod codeBase="C:\Users\gutes\OneDrive\Desktop\Super Pasta\Academia do Programador\controle-de-bar-2026\tests\ControleDeBar.Testes.Integracao\bin\Release\net10.0\ControleDeBar.Testes.Integracao.dll" adapterTypeName="executor://mstestadapter/v4" className="ControleDeBar.Testes.Integracao.ModuloMesa.RepositorioMesaEmOrmTests" name="Editar_AtualizaRegistroEPreservaStatus" />
    </UnitTest>
    <UnitTest name="Cadastrar_PreencheUserIdDoUsuarioAutenticado" storage="c:\users\gutes\onedrive\desktop\super pasta\academia do programador\controle-de-bar-2026\tests\controledebar.testes.integracao\bin\release\net10.0\controledebar.testes.integracao.dll" id="1fecee63-52dc-8985-b3eb-8ce2a96cd81c">
      <Execution id="5814bf8a-52a6-4773-a6ef-e63ecc920d42" />
      <TestMethod codeBase="C:\Users\gutes\OneDrive\Desktop\Super Pasta\Academia do Programador\controle-de-bar-2026\tests\ControleDeBar.Testes.Integracao\bin\Release\net10.0\ControleDeBar.Testes.Integracao.dll" adapterTypeName="executor://mstestadapter/v4" className="ControleDeBar.Testes.Integracao.ModuloProduto.RepositorioProdutoEmOrmTests" name="Cadastrar_PreencheUserIdDoUsuarioAutenticado" />
    </UnitTest>
    <UnitTest name="Excluir_RemoveRegistroExistente" storage="c:\users\gutes\onedrive\desktop\super pasta\academia do programador\controle-de-bar-2026\tests\controledebar.testes.integracao\bin\release\net10.0\controledebar.testes.integracao.dll" id="1d413476-9dd8-8100-ac7a-e5e747d1d984">
      <Execution id="55cc4578-ca67-487c-90d1-47df027c99c0" />
      <TestMethod codeBase="C:\Users\gutes\OneDrive\Desktop\Super Pasta\Academia do Programador\controle-de-bar-2026\tests\ControleDeBar.Testes.Integracao\bin\Release\net10.0\ControleDeBar.Testes.Integracao.dll" adapterTypeName="executor://mstestadapter/v4" className="ControleDeBar.Testes.Integracao.ModuloGarcom.RepositorioGarcomEmOrmTests" name="Excluir_RemoveRegistroExistente" />
    </UnitTest>
    <UnitTest name="Deve_MantorSnapshot_AoCarregarDoBanco" storage="c:\users\gutes\onedrive\desktop\super pasta\academia do programador\controle-de-bar-2026\tests\controledebar.testes.integracao\bin\release\net10.0\controledebar.testes.integracao.dll" id="1c9955ba-6549-86d3-bddb-60df70c27fad">
      <Execution id="f8a24e57-41b4-45a8-a39b-f2afc8bbc7ca" />
      <TestMethod codeBase="C:\Users\gutes\OneDrive\Desktop\Super Pasta\Academia do Programador\controle-de-bar-2026\tests\ControleDeBar.Testes.Integracao\bin\Release\net10.0\ControleDeBar.Testes.Integracao.dll" adapterTypeName="executor://mstestadapter/v4" className="ControleDeBar.Testes.Integracao.ModuloPedido.RepositorioPedidoEmOrmTests" name="Deve_MantorSnapshot_AoCarregarDoBanco" />
    </UnitTest>
    <UnitTest name="Modelo_ConfiguraIndiceUnicoPorUsuarioENome" storage="c:\users\gutes\onedrive\desktop\super pasta\academia do programador\controle-de-bar-2026\tests\controledebar.testes.integracao\bin\release\net10.0\controledebar.testes.integracao.dll" id="173a8728-e6fa-8952-b489-d686e76b3449">
      <Execution id="a8af11d6-28f1-4d72-a83d-821ad097b958" />
      <TestMethod codeBase="C:\Users\gutes\OneDrive\Desktop\Super Pasta\Academia do Programador\controle-de-bar-2026\tests\ControleDeBar.Testes.Integracao\bin\Release\net10.0\ControleDeBar.Testes.Integracao.dll" adapterTypeName="executor://mstestadapter/v4" className="ControleDeBar.Testes.Integracao.ModuloGarcom.RepositorioGarcomEmOrmTests" name="Modelo_ConfiguraIndiceUnicoPorUsuarioENome" />
    </UnitTest>
    <UnitTest name="Modelo_ConfiguraIndiceUnicoPorUsuarioENumero" storage="c:\users\gutes\onedrive\desktop\super pasta\academia do programador\controle-de-bar-2026\tests\controledebar.testes.integracao\bin\release\net10.0\controledebar.testes.integracao.dll" id="144c3951-c031-844f-a2ac-39232cfb38b5">
      <Execution id="af830fae-0816-4d1d-87b7-05f79ac62ac5" />
      <TestMethod codeBase="C:\Users\gutes\OneDrive\Desktop\Super Pasta\Academia do Programador\controle-de-bar-2026\tests\ControleDeBar.Testes.Integracao\bin\Release\net10.0\ControleDeBar.Testes.Integracao.dll" adapterTypeName="executor://mstestadapter/v4" className="ControleDeBar.Testes.Integracao.ModuloMesa.RepositorioMesaEmOrmTests" name="Modelo_ConfiguraIndiceUnicoPorUsuarioENumero" />
    </UnitTest>
    <UnitTest name="Excluir_RetornaFalsoParaPedidoInexistente" storage="c:\users\gutes\onedrive\desktop\super pasta\academia do programador\controle-de-bar-2026\tests\controledebar.testes.integracao\bin\release\net10.0\controledebar.testes.integracao.dll" id="16e46dd3-0dca-88d3-9f81-4140cea9f350">
      <Execution id="fc1be240-26d5-4b75-8d22-8a99102093cc" />
      <TestMethod codeBase="C:\Users\gutes\OneDrive\Desktop\Super Pasta\Academia do Programador\controle-de-bar-2026\tests\ControleDeBar.Testes.Integracao\bin\Release\net10.0\ControleDeBar.Testes.Integracao.dll" adapterTypeName="executor://mstestadapter/v4" className="ControleDeBar.Testes.Integracao.ModuloPedido.RepositorioPedidoEmOrmTests" name="Excluir_RetornaFalsoParaPedidoInexistente" />
    </UnitTest>
    <UnitTest name="SelecionarPorId_RetornaNuloParaProdutoDeOutroUsuario" storage="c:\users\gutes\onedrive\desktop\super pasta\academia do programador\controle-de-bar-2026\tests\controledebar.testes.integracao\bin\release\net10.0\controledebar.testes.integracao.dll" id="1eb4cd0c-7ee1-877b-8df1-3b6508948f25">
      <Execution id="4e14f65d-93a6-4ce7-8642-7075c6e209eb" />
      <TestMethod codeBase="C:\Users\gutes\OneDrive\Desktop\Super Pasta\Academia do Programador\controle-de-bar-2026\tests\ControleDeBar.Testes.Integracao\bin\Release\net10.0\ControleDeBar.Testes.Integracao.dll" adapterTypeName="executor://mstestadapter/v4" className="ControleDeBar.Testes.Integracao.ModuloProduto.RepositorioProdutoEmOrmTests" name="SelecionarPorId_RetornaNuloParaProdutoDeOutroUsuario" />
    </UnitTest>
    <UnitTest name="Deve_CarregarRelacionamentos_MesaEGarcom_DaConta" storage="c:\users\gutes\onedrive\desktop\super pasta\academia do programador\controle-de-bar-2026\tests\controledebar.testes.integracao\bin\release\net10.0\controledebar.testes.integracao.dll" id="1e904400-692c-8472-b51b-ae4f58a8d26b">
      <Execution id="12a19543-22cb-45cd-830d-83579e38bacd" />
      <TestMethod codeBase="C:\Users\gutes\OneDrive\Desktop\Super Pasta\Academia do Programador\controle-de-bar-2026\tests\ControleDeBar.Testes.Integracao\bin\Release\net10.0\ControleDeBar.Testes.Integracao.dll" adapterTypeName="executor://mstestadapter/v4" className="ControleDeBar.Testes.Integracao.ModuloConta.RepositorioContaEmOrmTests" name="Deve_CarregarRelacionamentos_MesaEGarcom_DaConta" />
    </UnitTest>
    <UnitTest name="Excluir_RemoveRegistroExistente" storage="c:\users\gutes\onedrive\desktop\super pasta\academia do programador\controle-de-bar-2026\tests\controledebar.testes.integracao\bin\release\net10.0\controledebar.testes.integracao.dll" id="1f696f1c-bf76-86fa-b4ea-e929853dfb47">
      <Execution id="90f1d984-5571-45e5-b95e-f2335d562f14" />
      <TestMethod codeBase="C:\Users\gutes\OneDrive\Desktop\Super Pasta\Academia do Programador\controle-de-bar-2026\tests\ControleDeBar.Testes.Integracao\bin\Release\net10.0\ControleDeBar.Testes.Integracao.dll" adapterTypeName="executor://mstestadapter/v4" className="ControleDeBar.Testes.Integracao.ModuloPedido.RepositorioPedidoEmOrmTests" name="Excluir_RemoveRegistroExistente" />
    </UnitTest>
    <UnitTest name="Excluir_RemoveRegistroExistente" storage="c:\users\gutes\onedrive\desktop\super pasta\academia do programador\controle-de-bar-2026\tests\controledebar.testes.integracao\bin\release\net10.0\controledebar.testes.integracao.dll" id="159cfde3-be77-834a-aa9c-6d45067f8bb2">
      <Execution id="1a6f6ff7-6657-4bcf-b8f9-ff0ac11c988b" />
      <TestMethod codeBase="C:\Users\gutes\OneDrive\Desktop\Super Pasta\Academia do Programador\controle-de-bar-2026\tests\ControleDeBar.Testes.Integracao\bin\Release\net10.0\ControleDeBar.Testes.Integracao.dll" adapterTypeName="executor://mstestadapter/v4" className="ControleDeBar.Testes.Integracao.ModuloProduto.RepositorioProdutoEmOrmTests" name="Excluir_RemoveRegistroExistente" />
    </UnitTest>
    <UnitTest name="CadastrarESelecionarPorId_CarregaRegistro" storage="c:\users\gutes\onedrive\desktop\super pasta\academia do programador\controle-de-bar-2026\tests\controledebar.testes.integracao\bin\release\net10.0\controledebar.testes.integracao.dll" id="1fe4504b-b5e0-869b-8cdb-6de8fdefb39e">
      <Execution id="4ec55697-36ec-4f2a-865a-d1a03174fb61" />
      <TestMethod codeBase="C:\Users\gutes\OneDrive\Desktop\Super Pasta\Academia do Programador\controle-de-bar-2026\tests\ControleDeBar.Testes.Integracao\bin\Release\net10.0\ControleDeBar.Testes.Integracao.dll" adapterTypeName="executor://mstestadapter/v4" className="ControleDeBar.Testes.Integracao.ModuloConta.RepositorioContaEmOrmTests" name="CadastrarESelecionarPorId_CarregaRegistro" />
    </UnitTest>
    <UnitTest name="SelecionarTodos_CarregaSomenteRegistrosDoUsuarioAutenticado" storage="c:\users\gutes\onedrive\desktop\super pasta\academia do programador\controle-de-bar-2026\tests\controledebar.testes.integracao\bin\release\net10.0\controledebar.testes.integracao.dll" id="1e84709d-2c45-80df-9b9f-35c9d49defa7">
      <Execution id="1328f873-8270-49d6-9061-9100ba9fdee7" />
      <TestMethod codeBase="C:\Users\gutes\OneDrive\Desktop\Super Pasta\Academia do Programador\controle-de-bar-2026\tests\ControleDeBar.Testes.Integracao\bin\Release\net10.0\ControleDeBar.Testes.Integracao.dll" adapterTypeName="executor://mstestadapter/v4" className="ControleDeBar.Testes.Integracao.ModuloGarcom.RepositorioGarcomEmOrmTests" name="SelecionarTodos_CarregaSomenteRegistrosDoUsuarioAutenticado" />
    </UnitTest>
    <UnitTest name="CadastrarESelecionarPorId_CarregaRegistro" storage="c:\users\gutes\onedrive\desktop\super pasta\academia do programador\controle-de-bar-2026\tests\controledebar.testes.integracao\bin\release\net10.0\controledebar.testes.integracao.dll" id="1c507c25-3ad7-8223-858b-f4f6e7f186ba">
      <Execution id="25099439-47d6-4a1e-8660-ce6b3e7f14b6" />
      <TestMethod codeBase="C:\Users\gutes\OneDrive\Desktop\Super Pasta\Academia do Programador\controle-de-bar-2026\tests\ControleDeBar.Testes.Integracao\bin\Release\net10.0\ControleDeBar.Testes.Integracao.dll" adapterTypeName="executor://mstestadapter/v4" className="ControleDeBar.Testes.Integracao.ModuloPedido.RepositorioPedidoEmOrmTests" name="CadastrarESelecionarPorId_CarregaRegistro" />
    </UnitTest>
    <UnitTest name="Cadastrar_PreencheUserIdDoUsuarioAutenticado" storage="c:\users\gutes\onedrive\desktop\super pasta\academia do programador\controle-de-bar-2026\tests\controledebar.testes.integracao\bin\release\net10.0\controledebar.testes.integracao.dll" id="1216f709-655e-8ce3-90d9-46285ae87384">
      <Execution id="c4f3a430-9a47-46d1-85b8-2a5e918bffb4" />
      <TestMethod codeBase="C:\Users\gutes\OneDrive\Desktop\Super Pasta\Academia do Programador\controle-de-bar-2026\tests\ControleDeBar.Testes.Integracao\bin\Release\net10.0\ControleDeBar.Testes.Integracao.dll" adapterTypeName="executor://mstestadapter/v4" className="ControleDeBar.Testes.Integracao.ModuloPedido.RepositorioPedidoEmOrmTests" name="Cadastrar_PreencheUserIdDoUsuarioAutenticado" />
    </UnitTest>
    <UnitTest name="Deve_CalcularSubtotalCorretamente_Apos_Recarregar" storage="c:\users\gutes\onedrive\desktop\super pasta\academia do programador\controle-de-bar-2026\tests\controledebar.testes.integracao\bin\release\net10.0\controledebar.testes.integracao.dll" id="179123a3-75ef-8c59-89ff-90b56d46a78f">
      <Execution id="82aad68e-d3f8-4e78-8472-a718e624d9b0" />
      <TestMethod codeBase="C:\Users\gutes\OneDrive\Desktop\Super Pasta\Academia do Programador\controle-de-bar-2026\tests\ControleDeBar.Testes.Integracao\bin\Release\net10.0\ControleDeBar.Testes.Integracao.dll" adapterTypeName="executor://mstestadapter/v4" className="ControleDeBar.Testes.Integracao.ModuloPedido.RepositorioPedidoEmOrmTests" name="Deve_CalcularSubtotalCorretamente_Apos_Recarregar" />
    </UnitTest>
    <UnitTest name="Excluir_RetornaFalsoParaProdutoInexistente" storage="c:\users\gutes\onedrive\desktop\super pasta\academia do programador\controle-de-bar-2026\tests\controledebar.testes.integracao\bin\release\net10.0\controledebar.testes.integracao.dll" id="1d1288bf-6c8a-89b8-8aaa-d9761f90fc07">
      <Execution id="c25c09d9-4c50-4a0c-be05-0c22f9f47bcd" />
      <TestMethod codeBase="C:\Users\gutes\OneDrive\Desktop\Super Pasta\Academia do Programador\controle-de-bar-2026\tests\ControleDeBar.Testes.Integracao\bin\Release\net10.0\ControleDeBar.Testes.Integracao.dll" adapterTypeName="executor://mstestadapter/v4" className="ControleDeBar.Testes.Integracao.ModuloProduto.RepositorioProdutoEmOrmTests" name="Excluir_RetornaFalsoParaProdutoInexistente" />
    </UnitTest>
    <UnitTest name="Editar_AtualizaRegistro" storage="c:\users\gutes\onedrive\desktop\super pasta\academia do programador\controle-de-bar-2026\tests\controledebar.testes.integracao\bin\release\net10.0\controledebar.testes.integracao.dll" id="19918bd7-35a0-8a00-8418-896c8030d0b0">
      <Execution id="8fccb5f3-8e0a-4e62-849e-4e2bb4ef179a" />
      <TestMethod codeBase="C:\Users\gutes\OneDrive\Desktop\Super Pasta\Academia do Programador\controle-de-bar-2026\tests\ControleDeBar.Testes.Integracao\bin\Release\net10.0\ControleDeBar.Testes.Integracao.dll" adapterTypeName="executor://mstestadapter/v4" className="ControleDeBar.Testes.Integracao.ModuloProduto.RepositorioProdutoEmOrmTests" name="Editar_AtualizaRegistro" />
    </UnitTest>
    <UnitTest name="PermiteMultiplasContasNaMesmaMesa" storage="c:\users\gutes\onedrive\desktop\super pasta\academia do programador\controle-de-bar-2026\tests\controledebar.testes.integracao\bin\release\net10.0\controledebar.testes.integracao.dll" id="1b9ccaf9-4747-8062-9fdb-6c32a3fbe7ea">
      <Execution id="8e0792ea-1de6-4077-8a97-1f7a72995eb1" />
      <TestMethod codeBase="C:\Users\gutes\OneDrive\Desktop\Super Pasta\Academia do Programador\controle-de-bar-2026\tests\ControleDeBar.Testes.Integracao\bin\Release\net10.0\ControleDeBar.Testes.Integracao.dll" adapterTypeName="executor://mstestadapter/v4" className="ControleDeBar.Testes.Integracao.ModuloConta.RepositorioContaEmOrmTests" name="PermiteMultiplasContasNaMesmaMesa" />
    </UnitTest>
    <UnitTest name="Deve_ImpedirExclusao_DeContaVinculadaAPedido" storage="c:\users\gutes\onedrive\desktop\super pasta\academia do programador\controle-de-bar-2026\tests\controledebar.testes.integracao\bin\release\net10.0\controledebar.testes.integracao.dll" id="1024cf08-da3b-8d74-ada0-2af6f513ab8f">
      <Execution id="235af58b-fec5-4d55-a0e0-fb84b26e4cbe" />
      <TestMethod codeBase="C:\Users\gutes\OneDrive\Desktop\Super Pasta\Academia do Programador\controle-de-bar-2026\tests\ControleDeBar.Testes.Integracao\bin\Release\net10.0\ControleDeBar.Testes.Integracao.dll" adapterTypeName="executor://mstestadapter/v4" className="ControleDeBar.Testes.Integracao.ModuloIntegridadeReferencial.IntegridadeReferencialSqliteTests" name="Deve_ImpedirExclusao_DeContaVinculadaAPedido" />
    </UnitTest>
    <UnitTest name="Deve_ImpedirExclusao_DeProdutoVinculadoAPedido" storage="c:\users\gutes\onedrive\desktop\super pasta\academia do programador\controle-de-bar-2026\tests\controledebar.testes.integracao\bin\release\net10.0\controledebar.testes.integracao.dll" id="1e87bd9b-2ecc-8d73-a944-9389cddc6a84">
      <Execution id="10f9f994-7599-4aa9-820b-0622c4b76a4b" />
      <TestMethod codeBase="C:\Users\gutes\OneDrive\Desktop\Super Pasta\Academia do Programador\controle-de-bar-2026\tests\ControleDeBar.Testes.Integracao\bin\Release\net10.0\ControleDeBar.Testes.Integracao.dll" adapterTypeName="executor://mstestadapter/v4" className="ControleDeBar.Testes.Integracao.ModuloIntegridadeReferencial.IntegridadeReferencialSqliteTests" name="Deve_ImpedirExclusao_DeProdutoVinculadoAPedido" />
    </UnitTest>
    <UnitTest name="Deve_RetornarZero_QuandoNaoHouverContasFechadasNaData" storage="c:\users\gutes\onedrive\desktop\super pasta\academia do programador\controle-de-bar-2026\tests\controledebar.testes.integracao\bin\release\net10.0\controledebar.testes.integracao.dll" id="1acddc37-9d2c-8e59-b631-a97d02aaa66b">
      <Execution id="1b01d65c-af0e-47db-893a-be22c1e66e9e" />
      <TestMethod codeBase="C:\Users\gutes\OneDrive\Desktop\Super Pasta\Academia do Programador\controle-de-bar-2026\tests\ControleDeBar.Testes.Integracao\bin\Release\net10.0\ControleDeBar.Testes.Integracao.dll" adapterTypeName="executor://mstestadapter/v4" className="ControleDeBar.Testes.Integracao.ModuloFaturamento.ServicoFaturamentoEmOrmTests" name="Deve_RetornarZero_QuandoNaoHouverContasFechadasNaData" />
    </UnitTest>
    <UnitTest name="SaveChanges_RejeitaModificacaoDeGarcomDeOutroUsuario" storage="c:\users\gutes\onedrive\desktop\super pasta\academia do programador\controle-de-bar-2026\tests\controledebar.testes.integracao\bin\release\net10.0\controledebar.testes.integracao.dll" id="17599264-34d5-8f7d-a9b2-57aa50ffb586">
      <Execution id="5e120703-fcb1-4186-8730-ca1fb1b71f00" />
      <TestMethod codeBase="C:\Users\gutes\OneDrive\Desktop\Super Pasta\Academia do Programador\controle-de-bar-2026\tests\ControleDeBar.Testes.Integracao\bin\Release\net10.0\ControleDeBar.Testes.Integracao.dll" adapterTypeName="executor://mstestadapter/v4" className="ControleDeBar.Testes.Integracao.ModuloGarcom.RepositorioGarcomEmOrmTests" name="SaveChanges_RejeitaModificacaoDeGarcomDeOutroUsuario" />
    </UnitTest>
    <UnitTest name="Deve_ImpedirExclusao_DeGarcomVinculadoAConta" storage="c:\users\gutes\onedrive\desktop\super pasta\academia do programador\controle-de-bar-2026\tests\controledebar.testes.integracao\bin\release\net10.0\controledebar.testes.integracao.dll" id="14f54186-60a1-8e22-a6de-287364528e6b">
      <Execution id="4f54a51c-0cf6-419f-a842-b0432f33857c" />
      <TestMethod codeBase="C:\Users\gutes\OneDrive\Desktop\Super Pasta\Academia do Programador\controle-de-bar-2026\tests\ControleDeBar.Testes.Integracao\bin\Release\net10.0\ControleDeBar.Testes.Integracao.dll" adapterTypeName="executor://mstestadapter/v4" className="ControleDeBar.Testes.Integracao.ModuloIntegridadeReferencial.IntegridadeReferencialSqliteTests" name="Deve_ImpedirExclusao_DeGarcomVinculadoAConta" />
    </UnitTest>
    <UnitTest name="Deve_Filtrar_MultiplosPedidosDamesmaConta" storage="c:\users\gutes\onedrive\desktop\super pasta\academia do programador\controle-de-bar-2026\tests\controledebar.testes.integracao\bin\release\net10.0\controledebar.testes.integracao.dll" id="1109a8c5-2768-85df-880e-9d611f86dfd9">
      <Execution id="36be1677-b659-4df7-bb89-65d8fb750b1e" />
      <TestMethod codeBase="C:\Users\gutes\OneDrive\Desktop\Super Pasta\Academia do Programador\controle-de-bar-2026\tests\ControleDeBar.Testes.Integracao\bin\Release\net10.0\ControleDeBar.Testes.Integracao.dll" adapterTypeName="executor://mstestadapter/v4" className="ControleDeBar.Testes.Integracao.ModuloPedido.RepositorioPedidoEmOrmTests" name="Deve_Filtrar_MultiplosPedidosDamesmaConta" />
    </UnitTest>
    <UnitTest name="Deve_IsolarContasEPedidosDeOutroUsuario" storage="c:\users\gutes\onedrive\desktop\super pasta\academia do programador\controle-de-bar-2026\tests\controledebar.testes.integracao\bin\release\net10.0\controledebar.testes.integracao.dll" id="1c5c69c3-dcbe-81d5-8e5a-99d88456558a">
      <Execution id="a1ab0e71-c756-4c7f-b913-b966554e2d08" />
      <TestMethod codeBase="C:\Users\gutes\OneDrive\Desktop\Super Pasta\Academia do Programador\controle-de-bar-2026\tests\ControleDeBar.Testes.Integracao\bin\Release\net10.0\ControleDeBar.Testes.Integracao.dll" adapterTypeName="executor://mstestadapter/v4" className="ControleDeBar.Testes.Integracao.ModuloFaturamento.ServicoFaturamentoEmOrmTests" name="Deve_IsolarContasEPedidosDeOutroUsuario" />
    </UnitTest>
    <UnitTest name="Deve_SomarContasFechadasDoDia_EIgnorarOutrasDatasEContasAbertas" storage="c:\users\gutes\onedrive\desktop\super pasta\academia do programador\controle-de-bar-2026\tests\controledebar.testes.integracao\bin\release\net10.0\controledebar.testes.integracao.dll" id="1ee44a4c-b244-873e-a5fa-bf4b00144894">
      <Execution id="b0a24847-807d-4443-9f01-4699fe91ddf5" />
      <TestMethod codeBase="C:\Users\gutes\OneDrive\Desktop\Super Pasta\Academia do Programador\controle-de-bar-2026\tests\ControleDeBar.Testes.Integracao\bin\Release\net10.0\ControleDeBar.Testes.Integracao.dll" adapterTypeName="executor://mstestadapter/v4" className="ControleDeBar.Testes.Integracao.ModuloFaturamento.ServicoFaturamentoEmOrmTests" name="Deve_SomarContasFechadasDoDia_EIgnorarOutrasDatasEContasAbertas" />
    </UnitTest>
    <UnitTest name="SelecionarPorId_RetornaNuloParaPedidoDeOutroUsuario" storage="c:\users\gutes\onedrive\desktop\super pasta\academia do programador\controle-de-bar-2026\tests\controledebar.testes.integracao\bin\release\net10.0\controledebar.testes.integracao.dll" id="1a6eb5f6-d943-8861-968f-2243102f1ae4">
      <Execution id="94890fcf-bb0e-4db7-ba74-d4408c75baad" />
      <TestMethod codeBase="C:\Users\gutes\OneDrive\Desktop\Super Pasta\Academia do Programador\controle-de-bar-2026\tests\ControleDeBar.Testes.Integracao\bin\Release\net10.0\ControleDeBar.Testes.Integracao.dll" adapterTypeName="executor://mstestadapter/v4" className="ControleDeBar.Testes.Integracao.ModuloPedido.RepositorioPedidoEmOrmTests" name="SelecionarPorId_RetornaNuloParaPedidoDeOutroUsuario" />
    </UnitTest>
    <UnitTest name="SaveChanges_RejeitaExclusaoDeGarcomDeOutroUsuario" storage="c:\users\gutes\onedrive\desktop\super pasta\academia do programador\controle-de-bar-2026\tests\controledebar.testes.integracao\bin\release\net10.0\controledebar.testes.integracao.dll" id="15f3e574-d124-8f55-b152-b28fde63efd2">
      <Execution id="3008d023-1d2a-4d62-95bf-620654aa8065" />
      <TestMethod codeBase="C:\Users\gutes\OneDrive\Desktop\Super Pasta\Academia do Programador\controle-de-bar-2026\tests\ControleDeBar.Testes.Integracao\bin\Release\net10.0\ControleDeBar.Testes.Integracao.dll" adapterTypeName="executor://mstestadapter/v4" className="ControleDeBar.Testes.Integracao.ModuloGarcom.RepositorioGarcomEmOrmTests" name="SaveChanges_RejeitaExclusaoDeGarcomDeOutroUsuario" />
    </UnitTest>
    <UnitTest name="Deve_PreservarEstadoDoBanco_AposFalhaDeSaveChanges" storage="c:\users\gutes\onedrive\desktop\super pasta\academia do programador\controle-de-bar-2026\tests\controledebar.testes.integracao\bin\release\net10.0\controledebar.testes.integracao.dll" id="13f7fb19-d997-8f82-9266-b281e97640c5">
      <Execution id="d98e9eaf-cd3f-4b48-8366-31aaff8abc36" />
      <TestMethod codeBase="C:\Users\gutes\OneDrive\Desktop\Super Pasta\Academia do Programador\controle-de-bar-2026\tests\ControleDeBar.Testes.Integracao\bin\Release\net10.0\ControleDeBar.Testes.Integracao.dll" adapterTypeName="executor://mstestadapter/v4" className="ControleDeBar.Testes.Integracao.ModuloMesa.RepositorioMesaEmOrmTests" name="Deve_PreservarEstadoDoBanco_AposFalhaDeSaveChanges" />
    </UnitTest>
    <UnitTest name="Deve_PreservarSnapshot_DoProduto_AposAlteracaoDoProduto" storage="c:\users\gutes\onedrive\desktop\super pasta\academia do programador\controle-de-bar-2026\tests\controledebar.testes.integracao\bin\release\net10.0\controledebar.testes.integracao.dll" id="10f9b73e-3e93-89b2-9680-9ecb79f9dbe0">
      <Execution id="9a096757-b801-4623-bd13-671ef820b491" />
      <TestMethod codeBase="C:\Users\gutes\OneDrive\Desktop\Super Pasta\Academia do Programador\controle-de-bar-2026\tests\ControleDeBar.Testes.Integracao\bin\Release\net10.0\ControleDeBar.Testes.Integracao.dll" adapterTypeName="executor://mstestadapter/v4" className="ControleDeBar.Testes.Integracao.ModuloPedido.RepositorioPedidoEmOrmTests" name="Deve_PreservarSnapshot_DoProduto_AposAlteracaoDoProduto" />
    </UnitTest>
    <UnitTest name="SelecionarTodos_CarregaSomenteRegistrosDoUsuarioAutenticado" storage="c:\users\gutes\onedrive\desktop\super pasta\academia do programador\controle-de-bar-2026\tests\controledebar.testes.integracao\bin\release\net10.0\controledebar.testes.integracao.dll" id="1048c88d-1d74-8587-b25b-0a0100d93d06">
      <Execution id="33561588-ae73-46d3-971f-5d4d2e6a9ff1" />
      <TestMethod codeBase="C:\Users\gutes\OneDrive\Desktop\Super Pasta\Academia do Programador\controle-de-bar-2026\tests\ControleDeBar.Testes.Integracao\bin\Release\net10.0\ControleDeBar.Testes.Integracao.dll" adapterTypeName="executor://mstestadapter/v4" className="ControleDeBar.Testes.Integracao.ModuloMesa.RepositorioMesaEmOrmTests" name="SelecionarTodos_CarregaSomenteRegistrosDoUsuarioAutenticado" />
    </UnitTest>
    <UnitTest name="Deve_CarregarRelacionamentos_ContaEProduto_DoPedido" storage="c:\users\gutes\onedrive\desktop\super pasta\academia do programador\controle-de-bar-2026\tests\controledebar.testes.integracao\bin\release\net10.0\controledebar.testes.integracao.dll" id="166f66c9-68af-852c-b933-0295c69702b7">
      <Execution id="82b2ed28-a0d7-47f0-b99d-1cb01ef2a726" />
      <TestMethod codeBase="C:\Users\gutes\OneDrive\Desktop\Super Pasta\Academia do Programador\controle-de-bar-2026\tests\ControleDeBar.Testes.Integracao\bin\Release\net10.0\ControleDeBar.Testes.Integracao.dll" adapterTypeName="executor://mstestadapter/v4" className="ControleDeBar.Testes.Integracao.ModuloPedido.RepositorioPedidoEmOrmTests" name="Deve_CarregarRelacionamentos_ContaEProduto_DoPedido" />
    </UnitTest>
    <UnitTest name="SelecionarPorId_NaoCarregaContaDeOutroUsuario" storage="c:\users\gutes\onedrive\desktop\super pasta\academia do programador\controle-de-bar-2026\tests\controledebar.testes.integracao\bin\release\net10.0\controledebar.testes.integracao.dll" id="14fa284c-edda-8bdd-8a65-e4652160e739">
      <Execution id="f539ceae-5346-455a-b1ff-2f7720afb672" />
      <TestMethod codeBase="C:\Users\gutes\OneDrive\Desktop\Super Pasta\Academia do Programador\controle-de-bar-2026\tests\ControleDeBar.Testes.Integracao\bin\Release\net10.0\ControleDeBar.Testes.Integracao.dll" adapterTypeName="executor://mstestadapter/v4" className="ControleDeBar.Testes.Integracao.ModuloConta.RepositorioContaEmOrmTests" name="SelecionarPorId_NaoCarregaContaDeOutroUsuario" />
    </UnitTest>
    <UnitTest name="Cadastrar_PreencheUserIdDoUsuarioAutenticado" storage="c:\users\gutes\onedrive\desktop\super pasta\academia do programador\controle-de-bar-2026\tests\controledebar.testes.integracao\bin\release\net10.0\controledebar.testes.integracao.dll" id="15207d3c-03ba-8136-b450-d42c499aec94">
      <Execution id="d95846bd-33e8-4d9f-8219-55e9ce09ae9f" />
      <TestMethod codeBase="C:\Users\gutes\OneDrive\Desktop\Super Pasta\Academia do Programador\controle-de-bar-2026\tests\ControleDeBar.Testes.Integracao\bin\Release\net10.0\ControleDeBar.Testes.Integracao.dll" adapterTypeName="executor://mstestadapter/v4" className="ControleDeBar.Testes.Integracao.ModuloGarcom.RepositorioGarcomEmOrmTests" name="Cadastrar_PreencheUserIdDoUsuarioAutenticado" />
    </UnitTest>
    <UnitTest name="SaveChanges_RejeitaExclusaoDeMesaDeOutroUsuario" storage="c:\users\gutes\onedrive\desktop\super pasta\academia do programador\controle-de-bar-2026\tests\controledebar.testes.integracao\bin\release\net10.0\controledebar.testes.integracao.dll" id="1105d924-c5a9-82bc-9712-9724b7521649">
      <Execution id="4faa3d24-7ff6-4e7c-a47f-f06480805bff" />
      <TestMethod codeBase="C:\Users\gutes\OneDrive\Desktop\Super Pasta\Academia do Programador\controle-de-bar-2026\tests\ControleDeBar.Testes.Integracao\bin\Release\net10.0\ControleDeBar.Testes.Integracao.dll" adapterTypeName="executor://mstestadapter/v4" className="ControleDeBar.Testes.Integracao.ModuloMesa.RepositorioMesaEmOrmTests" name="SaveChanges_RejeitaExclusaoDeMesaDeOutroUsuario" />
    </UnitTest>
  </TestDefinitions>
  <TestEntries>
    <TestEntry testId="1c7555b4-907b-8b6e-b8d4-9378383eac00" executionId="e8267439-6c52-449c-b6b5-d862f0b0f1cd" testListId="8c84fa94-04c1-424b-9868-57a2d4851a1d" />
    <TestEntry testId="1e184376-7fa8-8dbf-8043-ab45b1a87b63" executionId="c5a60a25-929d-49bf-98cc-a50c500041c5" testListId="8c84fa94-04c1-424b-9868-57a2d4851a1d" />
    <TestEntry testId="15f6a3ad-ecc2-8130-9882-c6441ab401b8" executionId="9ddd0e4a-ef21-457f-9180-06521f88c501" testListId="8c84fa94-04c1-424b-9868-57a2d4851a1d" />
    <TestEntry testId="15207d3c-03ba-8136-b450-d42c499aec94" executionId="d95846bd-33e8-4d9f-8219-55e9ce09ae9f" testListId="8c84fa94-04c1-424b-9868-57a2d4851a1d" />
    <TestEntry testId="1473b9ff-9e6f-8db8-a142-ca8afdc83a7f" executionId="c6835345-47aa-44da-b312-1291bdcc30c7" testListId="8c84fa94-04c1-424b-9868-57a2d4851a1d" />
    <TestEntry testId="1fecee63-52dc-8985-b3eb-8ce2a96cd81c" executionId="5814bf8a-52a6-4773-a6ef-e63ecc920d42" testListId="8c84fa94-04c1-424b-9868-57a2d4851a1d" />
    <TestEntry testId="1c5c69c3-dcbe-81d5-8e5a-99d88456558a" executionId="a1ab0e71-c756-4c7f-b913-b966554e2d08" testListId="8c84fa94-04c1-424b-9868-57a2d4851a1d" />
    <TestEntry testId="1e84709d-2c45-80df-9b9f-35c9d49defa7" executionId="1328f873-8270-49d6-9061-9100ba9fdee7" testListId="8c84fa94-04c1-424b-9868-57a2d4851a1d" />
    <TestEntry testId="1fc52e58-81dd-878f-b39f-742b70e87a12" executionId="21554766-3636-4b72-8fc5-e25ce3ee7823" testListId="8c84fa94-04c1-424b-9868-57a2d4851a1d" />
    <TestEntry testId="1c9955ba-6549-86d3-bddb-60df70c27fad" executionId="f8a24e57-41b4-45a8-a39b-f2afc8bbc7ca" testListId="8c84fa94-04c1-424b-9868-57a2d4851a1d" />
    <TestEntry testId="13f7fb19-d997-8f82-9266-b281e97640c5" executionId="d98e9eaf-cd3f-4b48-8366-31aaff8abc36" testListId="8c84fa94-04c1-424b-9868-57a2d4851a1d" />
    <TestEntry testId="1affde3a-aa1b-83b5-af40-5df84dd2123f" executionId="08ec28b0-aafd-4d30-a0db-224e73d6b167" testListId="8c84fa94-04c1-424b-9868-57a2d4851a1d" />
    <TestEntry testId="1e87bd9b-2ecc-8d73-a944-9389cddc6a84" executionId="10f9f994-7599-4aa9-820b-0622c4b76a4b" testListId="8c84fa94-04c1-424b-9868-57a2d4851a1d" />
    <TestEntry testId="1b2cc56d-74ef-8524-ada0-7028f0c0d09a" executionId="c92d4d6c-99fb-4e79-be64-0a72250fdf8c" testListId="8c84fa94-04c1-424b-9868-57a2d4851a1d" />
    <TestEntry testId="1cd86e75-63b1-8833-a13d-4d3140c681c8" executionId="fc1d5287-d2be-4998-8ed0-0d6adb7d9fd6" testListId="8c84fa94-04c1-424b-9868-57a2d4851a1d" />
    <TestEntry testId="15cd338a-3434-8edf-ae57-5375a611b1f0" executionId="0574b23b-e9b1-4a2e-a75f-006424fec51d" testListId="8c84fa94-04c1-424b-9868-57a2d4851a1d" />
    <TestEntry testId="1f696f1c-bf76-86fa-b4ea-e929853dfb47" executionId="90f1d984-5571-45e5-b95e-f2335d562f14" testListId="8c84fa94-04c1-424b-9868-57a2d4851a1d" />
    <TestEntry testId="1580e18e-8016-8e11-a676-2f4b3a81970b" executionId="9fb178cd-49c5-4c08-af7d-b31db329fc74" testListId="8c84fa94-04c1-424b-9868-57a2d4851a1d" />
    <TestEntry testId="1b037951-db4a-8bd3-8f44-15dd1157e42c" executionId="69407697-a52e-4553-86d7-bfe576701bdb" testListId="8c84fa94-04c1-424b-9868-57a2d4851a1d" />
    <TestEntry testId="1216f709-655e-8ce3-90d9-46285ae87384" executionId="c4f3a430-9a47-46d1-85b8-2a5e918bffb4" testListId="8c84fa94-04c1-424b-9868-57a2d4851a1d" />
    <TestEntry testId="17599264-34d5-8f7d-a9b2-57aa50ffb586" executionId="5e120703-fcb1-4186-8730-ca1fb1b71f00" testListId="8c84fa94-04c1-424b-9868-57a2d4851a1d" />
    <TestEntry testId="1024cf08-da3b-8d74-ada0-2af6f513ab8f" executionId="235af58b-fec5-4d55-a0e0-fb84b26e4cbe" testListId="8c84fa94-04c1-424b-9868-57a2d4851a1d" />
    <TestEntry testId="1b9ccaf9-4747-8062-9fdb-6c32a3fbe7ea" executionId="8e0792ea-1de6-4077-8a97-1f7a72995eb1" testListId="8c84fa94-04c1-424b-9868-57a2d4851a1d" />
    <TestEntry testId="19918bd7-35a0-8a00-8418-896c8030d0b0" executionId="8fccb5f3-8e0a-4e62-849e-4e2bb4ef179a" testListId="8c84fa94-04c1-424b-9868-57a2d4851a1d" />
    <TestEntry testId="1a0b3baf-d7bd-87d1-8682-4e253e5499f1" executionId="4b8cef12-7695-4741-a159-913cf31cef85" testListId="8c84fa94-04c1-424b-9868-57a2d4851a1d" />
    <TestEntry testId="1d5c6a4e-7405-8c4f-9fc5-f81b577e8f3f" executionId="d9335466-dc30-49a7-98ad-c12fb67712c0" testListId="8c84fa94-04c1-424b-9868-57a2d4851a1d" />
    <TestEntry testId="179123a3-75ef-8c59-89ff-90b56d46a78f" executionId="82aad68e-d3f8-4e78-8472-a718e624d9b0" testListId="8c84fa94-04c1-424b-9868-57a2d4851a1d" />
    <TestEntry testId="16e46dd3-0dca-88d3-9f81-4140cea9f350" executionId="fc1be240-26d5-4b75-8d22-8a99102093cc" testListId="8c84fa94-04c1-424b-9868-57a2d4851a1d" />
    <TestEntry testId="14f54186-60a1-8e22-a6de-287364528e6b" executionId="4f54a51c-0cf6-419f-a842-b0432f33857c" testListId="8c84fa94-04c1-424b-9868-57a2d4851a1d" />
    <TestEntry testId="1341c626-4bd1-825f-9838-f49c67b69f6f" executionId="77339b03-44d6-4df0-9714-bfa358c6c219" testListId="8c84fa94-04c1-424b-9868-57a2d4851a1d" />
    <TestEntry testId="1eb4cd0c-7ee1-877b-8df1-3b6508948f25" executionId="4e14f65d-93a6-4ce7-8642-7075c6e209eb" testListId="8c84fa94-04c1-424b-9868-57a2d4851a1d" />
    <TestEntry testId="1ee44a4c-b244-873e-a5fa-bf4b00144894" executionId="b0a24847-807d-4443-9f01-4699fe91ddf5" testListId="8c84fa94-04c1-424b-9868-57a2d4851a1d" />
    <TestEntry testId="14f9fc11-92d3-836f-b612-08cc0fa86194" executionId="e7d8ecdf-58c6-4a4d-a7a3-39f2e8a275e8" testListId="8c84fa94-04c1-424b-9868-57a2d4851a1d" />
    <TestEntry testId="1e14fb79-d9a1-83b6-a466-c2780286e28d" executionId="9655715d-7517-4d19-9d3a-971a1a98b6a4" testListId="8c84fa94-04c1-424b-9868-57a2d4851a1d" />
    <TestEntry testId="173a8728-e6fa-8952-b489-d686e76b3449" executionId="a8af11d6-28f1-4d72-a83d-821ad097b958" testListId="8c84fa94-04c1-424b-9868-57a2d4851a1d" />
    <TestEntry testId="1acddc37-9d2c-8e59-b631-a97d02aaa66b" executionId="1b01d65c-af0e-47db-893a-be22c1e66e9e" testListId="8c84fa94-04c1-424b-9868-57a2d4851a1d" />
    <TestEntry testId="144c3951-c031-844f-a2ac-39232cfb38b5" executionId="af830fae-0816-4d1d-87b7-05f79ac62ac5" testListId="8c84fa94-04c1-424b-9868-57a2d4851a1d" />
    <TestEntry testId="15095647-f269-89ae-87b5-c974226d5099" executionId="718667da-581c-4c79-a1dd-bb472587f758" testListId="8c84fa94-04c1-424b-9868-57a2d4851a1d" />
    <TestEntry testId="1d413476-9dd8-8100-ac7a-e5e747d1d984" executionId="55cc4578-ca67-487c-90d1-47df027c99c0" testListId="8c84fa94-04c1-424b-9868-57a2d4851a1d" />
    <TestEntry testId="1105d924-c5a9-82bc-9712-9724b7521649" executionId="4faa3d24-7ff6-4e7c-a47f-f06480805bff" testListId="8c84fa94-04c1-424b-9868-57a2d4851a1d" />
    <TestEntry testId="166f66c9-68af-852c-b933-0295c69702b7" executionId="82b2ed28-a0d7-47f0-b99d-1cb01ef2a726" testListId="8c84fa94-04c1-424b-9868-57a2d4851a1d" />
    <TestEntry testId="1fe4504b-b5e0-869b-8cdb-6de8fdefb39e" executionId="4ec55697-36ec-4f2a-865a-d1a03174fb61" testListId="8c84fa94-04c1-424b-9868-57a2d4851a1d" />
    <TestEntry testId="1048c88d-1d74-8587-b25b-0a0100d93d06" executionId="33561588-ae73-46d3-971f-5d4d2e6a9ff1" testListId="8c84fa94-04c1-424b-9868-57a2d4851a1d" />
    <TestEntry testId="1c507c25-3ad7-8223-858b-f4f6e7f186ba" executionId="25099439-47d6-4a1e-8660-ce6b3e7f14b6" testListId="8c84fa94-04c1-424b-9868-57a2d4851a1d" />
    <TestEntry testId="1a6eb5f6-d943-8861-968f-2243102f1ae4" executionId="94890fcf-bb0e-4db7-ba74-d4408c75baad" testListId="8c84fa94-04c1-424b-9868-57a2d4851a1d" />
    <TestEntry testId="165db360-2a68-8a6f-8112-c466bb11bca2" executionId="ee928cb4-ff72-4db3-a883-c97434e0fe76" testListId="8c84fa94-04c1-424b-9868-57a2d4851a1d" />
    <TestEntry testId="15f3e574-d124-8f55-b152-b28fde63efd2" executionId="3008d023-1d2a-4d62-95bf-620654aa8065" testListId="8c84fa94-04c1-424b-9868-57a2d4851a1d" />
    <TestEntry testId="14dbda2b-1b1d-8be5-8eb3-f8eb976f2c3e" executionId="f26c91fd-1942-490e-8764-055603065d0b" testListId="8c84fa94-04c1-424b-9868-57a2d4851a1d" />
    <TestEntry testId="1539e094-69a5-8670-b5b1-8039b12415c8" executionId="376e992b-c7cd-4e4a-a778-d6eaea3802c2" testListId="8c84fa94-04c1-424b-9868-57a2d4851a1d" />
    <TestEntry testId="10f9b73e-3e93-89b2-9680-9ecb79f9dbe0" executionId="9a096757-b801-4623-bd13-671ef820b491" testListId="8c84fa94-04c1-424b-9868-57a2d4851a1d" />
    <TestEntry testId="1e904400-692c-8472-b51b-ae4f58a8d26b" executionId="12a19543-22cb-45cd-830d-83579e38bacd" testListId="8c84fa94-04c1-424b-9868-57a2d4851a1d" />
    <TestEntry testId="1109a8c5-2768-85df-880e-9d611f86dfd9" executionId="36be1677-b659-4df7-bb89-65d8fb750b1e" testListId="8c84fa94-04c1-424b-9868-57a2d4851a1d" />
    <TestEntry testId="1d1288bf-6c8a-89b8-8aaa-d9761f90fc07" executionId="c25c09d9-4c50-4a0c-be05-0c22f9f47bcd" testListId="8c84fa94-04c1-424b-9868-57a2d4851a1d" />
    <TestEntry testId="159cfde3-be77-834a-aa9c-6d45067f8bb2" executionId="1a6f6ff7-6657-4bcf-b8f9-ff0ac11c988b" testListId="8c84fa94-04c1-424b-9868-57a2d4851a1d" />
    <TestEntry testId="14fa284c-edda-8bdd-8a65-e4652160e739" executionId="f539ceae-5346-455a-b1ff-2f7720afb672" testListId="8c84fa94-04c1-424b-9868-57a2d4851a1d" />
  </TestEntries>
  <TestLists>
    <TestList name="Resultados que não estão em uma lista" id="8c84fa94-04c1-424b-9868-57a2d4851a1d" />
    <TestList name="Todos os resultados carregados" id="19431567-8539-422a-85d7-44ee4e166bda" />
  </TestLists>
  <ResultSummary outcome="Completed">
    <Counters total="55" executed="55" passed="55" failed="0" error="0" timeout="0" aborted="0" inconclusive="0" passedButRunAborted="0" notRunnable="0" notExecuted="0" disconnected="0" warning="0" completed="0" inProgress="0" pending="0" />
  </ResultSummary>
</TestRun>